Component: ARM Compiler 5.06 update 7 (build 960) Tool: armlink [4d3601]

==============================================================================

Section Cross References

    main.o(i.draw_map) refers to bsp_ili9341_lcd.o(i.ILI9341_Draw_Rec_Color) for ILI9341_Draw_Rec_Color
    main.o(i.draw_map) refers to bsp_ili9341_lcd.o(i.LCD_SetColors) for LCD_SetColors
    main.o(i.draw_map) refers to bsp_ili9341_lcd.o(i.ILI9341_DrawCircle) for ILI9341_DrawCircle
    main.o(i.draw_map) refers to main.o(.data) for now_x
    main.o(i.draw_map) refers to main.o(.bss) for maze_map
    main.o(i.getfa) refers to main.o(.bss) for fa
    main.o(i.main) refers to bsp_key.o(i.Key_GPIO_Config) for Key_GPIO_Config
    main.o(i.main) refers to bsp_ili9341_lcd.o(i.ILI9341_Init) for ILI9341_Init
    main.o(i.main) refers to bsp_ili9341_lcd.o(i.ILI9341_GramScan) for ILI9341_GramScan
    main.o(i.main) refers to bsp_ili9341_lcd.o(i.LCD_SetFont) for LCD_SetFont
    main.o(i.main) refers to bsp_ili9341_lcd.o(i.LCD_SetColors) for LCD_SetColors
    main.o(i.main) refers to bsp_systick.o(i.SysTick_Init) for SysTick_Init
    main.o(i.main) refers to bsp_led.o(i.LED_GPIO_Config) for LED_GPIO_Config
    main.o(i.main) refers to bsp_usart.o(i.USART_Config) for USART_Config
    main.o(i.main) refers to bsp_exti.o(i.EXTI_Pxy_Config) for EXTI_Pxy_Config
    main.o(i.main) refers to bsp_i2c.o(i.I2C_Bus_Init) for I2C_Bus_Init
    main.o(i.main) refers to bsp_ili9341_lcd.o(i.ILI9341_Clear) for ILI9341_Clear
    main.o(i.main) refers to main.o(i.maze_init) for maze_init
    main.o(i.main) refers to main.o(i.draw_map) for draw_map
    main.o(i.main) refers to main.o(i.show_dir) for show_dir
    main.o(i.main) refers to bsp_key.o(i.Key_Scan) for Key_Scan
    main.o(i.main) refers to main.o(i.move) for move
    main.o(i.main) refers to fonts.o(.data) for Font8x16
    main.o(i.main) refers to main.o(.data) for dir
    main.o(i.maze_init) refers to memseta.o(.text) for __aeabi_memset
    main.o(i.maze_init) refers to rand.o(.text) for rand
    main.o(i.maze_init) refers to main.o(i.getfa) for getfa
    main.o(i.maze_init) refers to memmovea.o(.text) for __aeabi_memcpy4
    main.o(i.maze_init) refers to main.o(.bss) for maze_map
    main.o(i.maze_init) refers to main.o(.data) for cnt_e
    main.o(i.move) refers to bsp_ili9341_lcd.o(i.ILI9341_GetPointPixel) for ILI9341_GetPointPixel
    main.o(i.move) refers to printfa.o(i.__0printf) for __2printf
    main.o(i.move) refers to main.o(i.draw_map) for draw_map
    main.o(i.move) refers to main.o(i.show_dir) for show_dir
    main.o(i.move) refers to main.o(i.reset) for reset
    main.o(i.move) refers to main.o(.data) for dx
    main.o(i.reset) refers to bsp_ili9341_lcd.o(i.ILI9341_Clear) for ILI9341_Clear
    main.o(i.reset) refers to main.o(i.maze_init) for maze_init
    main.o(i.reset) refers to main.o(i.draw_map) for draw_map
    main.o(i.reset) refers to main.o(i.show_dir) for show_dir
    main.o(i.reset) refers to main.o(.data) for now_x
    main.o(i.show_dir) refers to bsp_ili9341_lcd.o(i.ILI9341_Draw_Rec_Color) for ILI9341_Draw_Rec_Color
    main.o(i.show_dir) refers to main.o(.data) for dirs
    stm32f10x_it.o(i.EXTI15_10_IRQHandler) refers to stm32f10x_exti.o(i.EXTI_GetITStatus) for EXTI_GetITStatus
    stm32f10x_it.o(i.EXTI15_10_IRQHandler) refers to stm32f10x_exti.o(i.EXTI_ClearITPendingBit) for EXTI_ClearITPendingBit
    stm32f10x_it.o(i.SysTick_Handler) refers to bsp_systick.o(i.TimingDelay_Decrement) for TimingDelay_Decrement
    stm32f10x_it.o(i.SysTick_Handler) refers to bsp_systick.o(i.TimeStamp_Increment) for TimeStamp_Increment
    stm32f10x_it.o(i.SysTick_Handler) refers to stm32f10x_it.o(.data) for Task_Delay
    bsp_ili9341_lcd.o(i.ILI9341_BackLed_Control) refers to stm32f10x_gpio.o(i.GPIO_ResetBits) for GPIO_ResetBits
    bsp_ili9341_lcd.o(i.ILI9341_BackLed_Control) refers to stm32f10x_gpio.o(i.GPIO_SetBits) for GPIO_SetBits
    bsp_ili9341_lcd.o(i.ILI9341_Clear) refers to bsp_ili9341_lcd.o(i.ILI9341_OpenWindow) for ILI9341_OpenWindow
    bsp_ili9341_lcd.o(i.ILI9341_Clear) refers to bsp_ili9341_lcd.o(i.ILI9341_FillColor) for ILI9341_FillColor
    bsp_ili9341_lcd.o(i.ILI9341_Clear) refers to bsp_ili9341_lcd.o(.data) for CurrentBackColor
    bsp_ili9341_lcd.o(i.ILI9341_Clear_Window) refers to bsp_ili9341_lcd.o(i.ILI9341_Draw_Rec_Color) for ILI9341_Draw_Rec_Color
    bsp_ili9341_lcd.o(i.ILI9341_DispChar_EN) refers to bsp_ili9341_lcd.o(i.ILI9341_OpenWindow) for ILI9341_OpenWindow
    bsp_ili9341_lcd.o(i.ILI9341_DispChar_EN) refers to bsp_ili9341_lcd.o(i.ILI9341_Write_Cmd) for ILI9341_Write_Cmd
    bsp_ili9341_lcd.o(i.ILI9341_DispChar_EN) refers to bsp_ili9341_lcd.o(i.ILI9341_Write_Data) for ILI9341_Write_Data
    bsp_ili9341_lcd.o(i.ILI9341_DispChar_EN) refers to bsp_ili9341_lcd.o(.data) for LCD_Currentfonts
    bsp_ili9341_lcd.o(i.ILI9341_DispStringLine_EN) refers to bsp_ili9341_lcd.o(i.ILI9341_DispChar_EN) for ILI9341_DispChar_EN
[...]
    Removing inv_mpu_dmp_motion_driver.o(i.dmp_set_tap_thresh), (416 bytes).
    Removing inv_mpu_dmp_motion_driver.o(i.dmp_set_tap_time), (38 bytes).
    Removing inv_mpu_dmp_motion_driver.o(i.dmp_set_tap_time_multi), (38 bytes).
    Removing inv_mpu_dmp_motion_driver.o(.bss), (16 bytes).
    Removing inv_mpu_dmp_motion_driver.o(.constdata), (3062 bytes).
    Removing log_stm32.o(i._MLPrintLog), (200 bytes).
    Removing log_stm32.o(i.eMPL_send_data), (404 bytes).
    Removing log_stm32.o(i.eMPL_send_quat), (186 bytes).
    Removing log_stm32.o(i.fputcc), (36 bytes).
    Removing empl_outputs.o(i.inv_disable_eMPL_outputs), (20 bytes).
    Removing empl_outputs.o(i.inv_enable_eMPL_outputs), (28 bytes).
    Removing empl_outputs.o(i.inv_generate_eMPL_outputs), (240 bytes).
    Removing empl_outputs.o(i.inv_get_sensor_type_accel), (40 bytes).
    Removing empl_outputs.o(i.inv_get_sensor_type_compass), (40 bytes).
    Removing empl_outputs.o(i.inv_get_sensor_type_euler), (560 bytes).
    Removing empl_outputs.o(i.inv_get_sensor_type_gyro), (40 bytes).
    Removing empl_outputs.o(i.inv_get_sensor_type_heading), (192 bytes).
    Removing empl_outputs.o(i.inv_get_sensor_type_quat), (36 bytes).
    Removing empl_outputs.o(i.inv_get_sensor_type_rot_mat), (40 bytes).
    Removing empl_outputs.o(i.inv_init_eMPL_outputs), (20 bytes).
    Removing empl_outputs.o(i.inv_start_eMPL_outputs), (20 bytes).
    Removing empl_outputs.o(i.inv_stop_eMPL_outputs), (16 bytes).
    Removing empl_outputs.o(.bss), (40 bytes).
    Removing data_builder.o(i.inv_accel_was_turned_off), (12 bytes).
    Removing data_builder.o(i.inv_apply_calibration), (106 bytes).
    Removing data_builder.o(i.inv_build_accel), (140 bytes).
    Removing data_builder.o(i.inv_build_compass), (176 bytes).
    Removing data_builder.o(i.inv_build_gyro), (56 bytes).
    Removing data_builder.o(i.inv_build_quat), (64 bytes).
    Removing data_builder.o(i.inv_build_temp), (44 bytes).
    Removing data_builder.o(i.inv_compass_was_turned_off), (16 bytes).
    Removing data_builder.o(i.inv_db_load_func), (80 bytes).
    Removing data_builder.o(i.inv_db_save_func), (24 bytes).
    Removing data_builder.o(i.inv_disable_compass_soft_iron_matrix), (16 bytes).
    Removing data_builder.o(i.inv_enable_compass_soft_iron_matrix), (16 bytes).
    Removing data_builder.o(i.inv_execute_on_data), (160 bytes).
    Removing data_builder.o(i.inv_get_accel_accuracy), (12 bytes).
    Removing data_builder.o(i.inv_get_accel_bias), (36 bytes).
    Removing data_builder.o(i.inv_get_accel_on), (16 bytes).
    Removing data_builder.o(i.inv_get_accel_orient), (16 bytes).
    Removing data_builder.o(i.inv_get_accel_sample_rate_ms), (12 bytes).
    Removing data_builder.o(i.inv_get_accel_sensitivity), (12 bytes).
    Removing data_builder.o(i.inv_get_accel_set), (44 bytes).
    Removing data_builder.o(i.inv_get_compass_bias), (24 bytes).
    Removing data_builder.o(i.inv_get_compass_disturbance), (12 bytes).
    Removing data_builder.o(i.inv_get_compass_on), (16 bytes).
    Removing data_builder.o(i.inv_get_compass_sample_rate_ms), (16 bytes).
    Removing data_builder.o(i.inv_get_compass_sensitivity), (12 bytes).
    Removing data_builder.o(i.inv_get_compass_set), (68 bytes).
    Removing data_builder.o(i.inv_get_compass_soft_iron_input_data), (28 bytes).
    Removing data_builder.o(i.inv_get_compass_soft_iron_matrix_d), (28 bytes).
    Removing data_builder.o(i.inv_get_compass_soft_iron_matrix_f), (28 bytes).
    Removing data_builder.o(i.inv_get_compass_soft_iron_output_data), (28 bytes).
    Removing data_builder.o(i.inv_get_gyro), (16 bytes).
    Removing data_builder.o(i.inv_get_gyro_accuracy), (12 bytes).
    Removing data_builder.o(i.inv_get_gyro_bias), (36 bytes).
    Removing data_builder.o(i.inv_get_gyro_bias_tc_set), (32 bytes).
    Removing data_builder.o(i.inv_get_gyro_on), (16 bytes).
    Removing data_builder.o(i.inv_get_gyro_orient), (16 bytes).
    Removing data_builder.o(i.inv_get_gyro_sample_rate_ms), (12 bytes).
    Removing data_builder.o(i.inv_get_gyro_sensitivity), (12 bytes).
    Removing data_builder.o(i.inv_get_gyro_set), (40 bytes).
    Removing data_builder.o(i.inv_get_gyro_set_raw), (40 bytes).
    Removing data_builder.o(i.inv_get_last_timestamp), (104 bytes).
    Removing data_builder.o(i.inv_get_mag_accuracy), (28 bytes).
    Removing data_builder.o(i.inv_get_temp_set), (36 bytes).
    Removing data_builder.o(i.inv_gyro_was_turned_off), (12 bytes).
    Removing data_builder.o(i.inv_init_data_builder), (60 bytes).
    Removing data_builder.o(i.inv_matrix_vector_mult), (110 bytes).
    Removing data_builder.o(i.inv_quaternion_sensor_was_turned_off), (16 bytes).
    Removing data_builder.o(i.inv_register_data_cb), (248 bytes).
    Removing data_builder.o(i.inv_reset_compass_soft_iron_matrix), (76 bytes).
    Removing data_builder.o(i.inv_set_accel_accuracy), (36 bytes).
    Removing data_builder.o(i.inv_set_accel_bandwidth), (12 bytes).
    Removing data_builder.o(i.inv_set_accel_bias), (76 bytes).
    Removing data_builder.o(i.inv_set_accel_bias_mask), (96 bytes).
    Removing data_builder.o(i.inv_set_accel_orientation_and_scale), (24 bytes).
    Removing data_builder.o(i.inv_set_accel_sample_rate), (44 bytes).
    Removing data_builder.o(i.inv_set_compass_bandwidth), (12 bytes).
    Removing data_builder.o(i.inv_set_compass_bias), (76 bytes).
    Removing data_builder.o(i.inv_set_compass_disturbance), (12 bytes).
    Removing data_builder.o(i.inv_set_compass_orientation_and_scale), (24 bytes).
    Removing data_builder.o(i.inv_set_compass_sample_rate), (48 bytes).
    Removing data_builder.o(i.inv_set_compass_soft_iron_input_data), (84 bytes).
    Removing data_builder.o(i.inv_set_compass_soft_iron_matrix_d), (64 bytes).
    Removing data_builder.o(i.inv_set_compass_soft_iron_matrix_f), (60 bytes).
    Removing data_builder.o(i.inv_set_contiguous), (288 bytes).
    Removing data_builder.o(i.inv_set_gyro_bandwidth), (12 bytes).
    Removing data_builder.o(i.inv_set_gyro_bias), (116 bytes).
    Removing data_builder.o(i.inv_set_gyro_orientation_and_scale), (24 bytes).
    Removing data_builder.o(i.inv_set_gyro_sample_rate), (40 bytes).
    Removing data_builder.o(i.inv_set_quat_sample_rate), (28 bytes).
    Removing data_builder.o(i.inv_temperature_was_turned_off), (16 bytes).
    Removing data_builder.o(i.inv_unregister_data_cb), (100 bytes).
    Removing data_builder.o(i.set_sensor_orientation_and_scale), (6 bytes).
    Removing data_builder.o(.bss), (728 bytes).
    Removing data_builder.o(.conststring), (68 bytes).
    Removing hal_outputs.o(i.google_orientation), (112 bytes).
    Removing hal_outputs.o(i.inv_disable_hal_outputs), (24 bytes).
    Removing hal_outputs.o(i.inv_enable_hal_outputs), (24 bytes).
    Removing hal_outputs.o(i.inv_generate_hal_outputs), (500 bytes).
    Removing hal_outputs.o(i.inv_get_rotation), (172 bytes).
    Removing hal_outputs.o(i.inv_get_sensor_type_accelerometer), (100 bytes).
    Removing hal_outputs.o(i.inv_get_sensor_type_gravity), (96 bytes).
    Removing hal_outputs.o(i.inv_get_sensor_type_gyroscope), (100 bytes).
    Removing hal_outputs.o(i.inv_get_sensor_type_gyroscope_raw), (100 bytes).
    Removing hal_outputs.o(i.inv_get_sensor_type_linear_acceleration), (116 bytes).
    Removing hal_outputs.o(i.inv_get_sensor_type_magnetic_field), (72 bytes).
    Removing hal_outputs.o(i.inv_get_sensor_type_orientation), (40 bytes).
    Removing hal_outputs.o(i.inv_get_sensor_type_rotation_vector), (220 bytes).
    Removing hal_outputs.o(i.inv_init_hal_outputs), (56 bytes).
    Removing hal_outputs.o(i.inv_start_hal_outputs), (24 bytes).
    Removing hal_outputs.o(i.inv_stop_hal_outputs), (20 bytes).
    Removing hal_outputs.o(.bss), (196 bytes).
    Removing hal_outputs.o(.data), (20 bytes).
    Removing message_layer.o(i.inv_get_message_level_0), (20 bytes).
    Removing message_layer.o(i.inv_set_message), (28 bytes).
    Removing message_layer.o(.data), (4 bytes).
    Removing ml_math_func.o(i.inv_angle_diff), (108 bytes).
    Removing ml_math_func.o(i.inv_big8_to_int16), (14 bytes).
    Removing ml_math_func.o(i.inv_big8_to_int32), (26 bytes).
    Removing ml_math_func.o(i.inv_biquad_filter_process), (104 bytes).
    Removing ml_math_func.o(i.inv_calc_state_to_match_output), (50 bytes).
    Removing ml_math_func.o(i.inv_checksum), (30 bytes).
    Removing ml_math_func.o(i.inv_compass_angle), (162 bytes).
    Removing ml_math_func.o(i.inv_convert_to_body), (82 bytes).
    Removing ml_math_func.o(i.inv_convert_to_body_with_scale), (114 bytes).
    Removing ml_math_func.o(i.inv_convert_to_chip), (82 bytes).
    Removing ml_math_func.o(i.inv_cosf), (52 bytes).
    Removing ml_math_func.o(i.inv_get_cross_product_vec), (98 bytes).
    Removing ml_math_func.o(i.inv_get_gyro_sum_of_sqr), (28 bytes).
    Removing ml_math_func.o(i.inv_init_biquad_filter), (34 bytes).
    Removing ml_math_func.o(i.inv_int16_to_big8), (12 bytes).
    Removing ml_math_func.o(i.inv_int32_to_big8), (20 bytes).
    Removing ml_math_func.o(i.inv_little8_to_int16), (14 bytes).
    Removing ml_math_func.o(i.inv_matrix_det), (160 bytes).
    Removing ml_math_func.o(i.inv_matrix_det_inc), (100 bytes).
    Removing ml_math_func.o(i.inv_matrix_det_incd), (108 bytes).
    Removing ml_math_func.o(i.inv_matrix_detd), (220 bytes).
    Removing ml_math_func.o(i.inv_orientation_matrix_to_scalar), (40 bytes).
    Removing ml_math_func.o(i.inv_q29_mult), (18 bytes).
    Removing ml_math_func.o(i.inv_q30_div), (40 bytes).
    Removing ml_math_func.o(i.inv_q30_mult), (18 bytes).
    Removing ml_math_func.o(i.inv_q30_to_double), (28 bytes).
    Removing ml_math_func.o(i.inv_q30_to_float), (22 bytes).
    Removing ml_math_func.o(i.inv_q_add), (36 bytes).
    Removing ml_math_func.o(i.inv_q_addf), (50 bytes).
    Removing ml_math_func.o(i.inv_q_invert), (24 bytes).
    Removing ml_math_func.o(i.inv_q_invertf), (30 bytes).
    Removing ml_math_func.o(i.inv_q_mult), (178 bytes).
    Removing ml_math_func.o(i.inv_q_multf), (270 bytes).
    Removing ml_math_func.o(i.inv_q_norm4), (146 bytes).
    Removing ml_math_func.o(i.inv_q_normalize), (14 bytes).
    Removing ml_math_func.o(i.inv_q_normalizef), (366 bytes).
    Removing ml_math_func.o(i.inv_q_rotate), (66 bytes).
    Removing ml_math_func.o(i.inv_q_shift_mult), (32 bytes).
    Removing ml_math_func.o(i.inv_quaternion_to_rotation), (218 bytes).
    Removing ml_math_func.o(i.inv_quaternion_to_rotation_vector), (60 bytes).
    Removing ml_math_func.o(i.inv_row_2_scale), (78 bytes).
    Removing ml_math_func.o(i.inv_sinf), (52 bytes).
    Removing ml_math_func.o(i.inv_vector_norm), (66 bytes).
    Removing ml_math_func.o(i.inv_vector_normalize), (188 bytes).
    Removing ml_math_func.o(i.inv_wrap_angle), (72 bytes).
    Removing ml_math_func.o(i.mlMatrixVectorMult), (62 bytes).
    Removing ml_math_func.o(i.quaternion_to_rotation_angle), (136 bytes).
    Removing ml_math_func.o(.constdata), (1024 bytes).
    Removing mlmath.o(i.ml_acos), (16 bytes).
    Removing mlmath.o(i.ml_asin), (16 bytes).
    Removing mlmath.o(i.ml_atan), (16 bytes).
    Removing mlmath.o(i.ml_atan2), (28 bytes).
    Removing mlmath.o(i.ml_ceil), (16 bytes).
    Removing mlmath.o(i.ml_cos), (16 bytes).
    Removing mlmath.o(i.ml_floor), (16 bytes).
    Removing mlmath.o(i.ml_log), (16 bytes).
    Removing mlmath.o(i.ml_pow), (28 bytes).
    Removing mlmath.o(i.ml_sin), (16 bytes).
    Removing mlmath.o(i.ml_sqrt), (16 bytes).
    Removing mpl.o(i.__print_result_location), (52 bytes).
    Removing mpl.o(i.inv_get_version), (16 bytes).
    Removing mpl.o(i.inv_init_mpl), (140 bytes).
    Removing mpl.o(i.inv_start_mpl), (72 bytes).
    Removing mpl.o(.constdata), (47 bytes).
    Removing results_holder.o(i.inv_enable_results_holder), (32 bytes).
    Removing results_holder.o(i.inv_generate_results), (16 bytes).
    Removing results_holder.o(i.inv_get_6axis_quaternion), (24 bytes).
    Removing results_holder.o(i.inv_get_acc_state), (12 bytes).
    Removing results_holder.o(i.inv_get_accel), (24 bytes).
    Removing results_holder.o(i.inv_get_accel_float), (56 bytes).
    Removing results_holder.o(i.inv_get_compass_bias_error), (16 bytes).
    Removing results_holder.o(i.inv_get_compass_correction), (24 bytes).
    Removing results_holder.o(i.inv_get_compass_state), (12 bytes).
    Removing results_holder.o(i.inv_get_gravity), (96 bytes).
    Removing results_holder.o(i.inv_get_gyro_float), (58 bytes).
    Removing results_holder.o(i.inv_get_heading_confidence_interval), (12 bytes).
    Removing results_holder.o(i.inv_get_large_mag_field), (12 bytes).
    Removing results_holder.o(i.inv_get_linear_accel), (60 bytes).
    Removing results_holder.o(i.inv_get_linear_accel_float), (56 bytes).
    Removing results_holder.o(i.inv_get_local_field), (16 bytes).
    Removing results_holder.o(i.inv_get_mag_scale), (16 bytes).
    Removing results_holder.o(i.inv_get_motion_state), (20 bytes).
    Removing results_holder.o(i.inv_get_quaternion), (60 bytes).
    Removing results_holder.o(i.inv_get_quaternion_float), (50 bytes).
    Removing results_holder.o(i.inv_get_quaternion_set), (68 bytes).
    Removing results_holder.o(i.inv_got_accel_bias), (12 bytes).
    Removing results_holder.o(i.inv_got_compass_bias), (12 bytes).
    Removing results_holder.o(i.inv_init_results_holder), (56 bytes).
    Removing results_holder.o(i.inv_q30_to_float), (22 bytes).
    Removing results_holder.o(i.inv_set_acc_state), (12 bytes).
    Removing results_holder.o(i.inv_set_accel_bias_found), (12 bytes).
    Removing results_holder.o(i.inv_set_compass_bias_error), (20 bytes).
    Removing results_holder.o(i.inv_set_compass_bias_found), (12 bytes).
    Removing results_holder.o(i.inv_set_compass_correction), (36 bytes).
    Removing results_holder.o(i.inv_set_compass_state), (12 bytes).
    Removing results_holder.o(i.inv_set_heading_confidence_interval), (12 bytes).
    Removing results_holder.o(i.inv_set_large_mag_field), (12 bytes).
    Removing results_holder.o(i.inv_set_local_field), (20 bytes).
    Removing results_holder.o(i.inv_set_mag_scale), (20 bytes).
    Removing results_holder.o(i.inv_set_motion_state), (80 bytes).
    Removing results_holder.o(i.inv_start_results_holder), (24 bytes).
    Removing results_holder.o(i.inv_store_gaming_quaternion), (36 bytes).
    Removing results_holder.o(.bss), (136 bytes).
    Removing start_manager.o(i.inv_execute_mpl_start_notification), (44 bytes).
    Removing start_manager.o(i.inv_init_start_manager), (20 bytes).
    Removing start_manager.o(i.inv_register_mpl_start_notification), (44 bytes).
    Removing start_manager.o(i.inv_unregister_mpl_start_notification), (96 bytes).
    Removing start_manager.o(.bss), (84 bytes).
    Removing storage_manager.o(i.inv_find_entry), (48 bytes).
    Removing storage_manager.o(i.inv_get_mpl_state_size), (16 bytes).
    Removing storage_manager.o(i.inv_init_storage_manager), (24 bytes).
    Removing storage_manager.o(i.inv_load_mpl_states), (176 bytes).
    Removing storage_manager.o(i.inv_register_load_store), (144 bytes).
    Removing storage_manager.o(i.inv_save_mpl_states), (164 bytes).
    Removing storage_manager.o(.bss), (408 bytes).
    Removing fadd.o(.text), (176 bytes).
    Removing fmul.o(.text), (100 bytes).
    Removing fdiv.o(.text), (124 bytes).
    Removing fflti.o(.text), (18 bytes).
    Removing ffltui.o(.text), (10 bytes).
    Removing dflti.o(.text), (34 bytes).
    Removing ffixi.o(.text), (50 bytes).
    Removing ffixui.o(.text), (40 bytes).
    Removing dfixi.o(.text), (62 bytes).
    Removing f2d.o(.text), (38 bytes).
    Removing cdcmple.o(.text), (48 bytes).
    Removing cfcmple.o(.text), (20 bytes).
    Removing cfrcmple.o(.text), (20 bytes).
    Removing fepilogue.o(.text), (110 bytes).
    Removing fscalb.o(.text), (24 bytes).
    Removing fsqrt.o(.text), (94 bytes).
    Removing dscalb.o(.text), (46 bytes).
    Removing dsqrt.o(.text), (162 bytes).
    Removing dfltui.o(.text), (26 bytes).

815 unused section(s) (total 52931 bytes) removed from the image.

==============================================================================

Image Symbol Table

    Local Symbols

    Symbol Name                              Value     Ov Type        Size  Object(Section)

    ../clib/../cmprslib/zerorunl2.c          0x00000000   Number         0  __dczerorl2.o ABSOLUTE
    ../clib/microlib/division.c              0x00000000   Number         0  uldiv.o ABSOLUTE
    ../clib/microlib/division.c              0x00000000   Number         0  uidiv.o ABSOLUTE
    ../clib/microlib/division.c              0x00000000   Number         0  ldiv.o ABSOLUTE
    ../clib/microlib/errno.c                 0x00000000   Number         0  errno.o ABSOLUTE
    ../clib/microlib/init/entry.s            0x00000000   Number         0  entry10b.o ABSOLUTE
    ../clib/microlib/init/entry.s            0x00000000   Number         0  entry5.o ABSOLUTE
    ../clib/microlib/init/entry.s            0x00000000   Number         0  entry9a.o ABSOLUTE
    ../clib/microlib/init/entry.s            0x00000000   Number         0  entry8b.o ABSOLUTE
    ../clib/microlib/init/entry.s            0x00000000   Number         0  entry2.o ABSOLUTE
    ../clib/microlib/init/entry.s            0x00000000   Number         0  entry8a.o ABSOLUTE
    ../clib/microlib/init/entry.s            0x00000000   Number         0  entry12b.o ABSOLUTE
    ../clib/microlib/init/entry.s            0x00000000   Number         0  entry11b.o ABSOLUTE
    ../clib/microlib/init/entry.s            0x00000000   Number         0  entry11a.o ABSOLUTE
    ../clib/microlib/init/entry.s            0x00000000   Number         0  entry7b.o ABSOLUTE
    ../clib/microlib/init/entry.s            0x00000000   Number         0  entry7a.o ABSOLUTE
    ../clib/microlib/init/entry.s            0x00000000   Number         0  entry.o ABSOLUTE
    ../clib/microlib/init/entry.s            0x00000000   Number         0  entry12a.o ABSOLUTE
    ../clib/microlib/init/entry.s            0x00000000   Number         0  entry10a.o ABSOLUTE
    ../clib/microlib/init/entry.s            0x00000000   Number         0  entry9b.o ABSOLUTE
    ../clib/microlib/longlong.c              0x00000000   Number         0  llushr.o ABSOLUTE
    ../clib/microlib/longlong.c              0x00000000   Number         0  llshl.o ABSOLUTE
    ../clib/microlib/longlong.c              0x00000000   Number         0  llsshr.o ABSOLUTE
    ../clib/microlib/printf/printf.c         0x00000000   Number         0  printfa.o ABSOLUTE
    ../clib/microlib/printf/printf.c         0x00000000   Number         0  printf8.o ABSOLUTE
    ../clib/microlib/printf/printf.c         0x00000000   Number         0  printf1.o ABSOLUTE
    ../clib/microlib/printf/printf.c         0x00000000   Number         0  printf0.o ABSOLUTE
    ../clib/microlib/printf/printf.c         0x00000000   Number         0  printfb.o ABSOLUTE
    ../clib/microlib/printf/printf.c         0x00000000   Number         0  printf3.o ABSOLUTE
    ../clib/microlib/printf/printf.c         0x00000000   Number         0  printf5.o ABSOLUTE
    ../clib/microlib/printf/printf.c         0x00000000   Number         0  printf6.o ABSOLUTE
    ../clib/microlib/printf/printf.c         0x00000000   Number         0  printf2.o ABSOLUTE
    ../clib/microlib/printf/printf.c         0x00000000   Number         0  printf7.o ABSOLUTE
    ../clib/microlib/printf/printf.c         0x00000000   Number         0  printf4.o ABSOLUTE
    ../clib/microlib/printf/stubs.s          0x00000000   Number         0  stubs.o ABSOLUTE
    ../clib/microlib/stdio/streams.c         0x00000000   Number         0  stdout.o ABSOLUTE
    ../clib/microlib/stdlib/rand.c           0x00000000   Number         0  rand.o ABSOLUTE
    ../clib/microlib/string/memcmp.c         0x00000000   Number         0  memcmp.o ABSOLUTE
    ../clib/microlib/string/memcpy.c         0x00000000   Number         0  memmoveb.o ABSOLUTE
    ../clib/microlib/string/memcpy.c         0x00000000   Number         0  memcpyb.o ABSOLUTE
    ../clib/microlib/string/memcpy.c         0x00000000   Number         0  memcpya.o ABSOLUTE
    ../clib/microlib/string/memcpy.c         0x00000000   Number         0  memmovea.o ABSOLUTE
    ../clib/microlib/string/memset.c         0x00000000   Number         0  memseta.o ABSOLUTE
    ../clib/microlib/stubs.s                 0x00000000   Number         0  iusefp.o ABSOLUTE
    ../fplib/microlib/f2d.c                  0x00000000   Number         0  f2d.o ABSOLUTE
    ../fplib/microlib/fpadd.c                0x00000000   Number         0  fadd.o ABSOLUTE
    ../fplib/microlib/fpadd.c                0x00000000   Number         0  dadd.o ABSOLUTE
    ../fplib/microlib/fpdiv.c                0x00000000   Number         0  ddiv.o ABSOLUTE
    ../fplib/microlib/fpdiv.c                0x00000000   Number         0  fdiv.o ABSOLUTE
    ../fplib/microlib/fpepilogue.c           0x00000000   Number         0  fepilogue.o ABSOLUTE
    ../fplib/microlib/fpepilogue.c           0x00000000   Number         0  depilogue.o ABSOLUTE
    ../fplib/microlib/fpfix.c                0x00000000   Number         0  ffixi.o ABSOLUTE
    ../fplib/microlib/fpfix.c                0x00000000   Number         0  dfixul.o ABSOLUTE
    ../fplib/microlib/fpfix.c                0x00000000   Number         0  dfixi.o ABSOLUTE
    ../fplib/microlib/fpfix.c                0x00000000   Number         0  ffixui.o ABSOLUTE
    ../fplib/microlib/fpflt.c                0x00000000   Number         0  dfltui.o ABSOLUTE
    ../fplib/microlib/fpflt.c                0x00000000   Number         0  dflti.o ABSOLUTE
    ../fplib/microlib/fpflt.c                0x00000000   Number         0  fflti.o ABSOLUTE
    ../fplib/microlib/fpflt.c                0x00000000   Number         0  ffltui.o ABSOLUTE
    ../fplib/microlib/fpmul.c                0x00000000   Number         0  fmul.o ABSOLUTE
    ../fplib/microlib/fpmul.c                0x00000000   Number         0  dmul.o ABSOLUTE
    ../fplib/microlib/fpscalb.c              0x00000000   Number         0  fscalb.o ABSOLUTE
    ../fplib/microlib/fpscalb.c              0x00000000   Number         0  dscalb.o ABSOLUTE
    ../fplib/microlib/fpsqrt.c               0x00000000   Number         0  fsqrt.o ABSOLUTE
    ../fplib/microlib/fpsqrt.c               0x00000000   Number         0  dsqrt.o ABSOLUTE
    ../mathlib/acos.c                        0x00000000   Number         0  acos.o ABSOLUTE
    ../mathlib/acos.c                        0x00000000   Number         0  acos_x.o ABSOLUTE
    ../mathlib/asin.c                        0x00000000   Number         0  asin.o ABSOLUTE
    ../mathlib/asin.c                        0x00000000   Number         0  asin_x.o ABSOLUTE
    ../mathlib/asinf.c                       0x00000000   Number         0  asinf_x.o ABSOLUTE
    ../mathlib/asinf.c                       0x00000000   Number         0  asinf.o ABSOLUTE
    ../mathlib/atan.c                        0x00000000   Number         0  atan_x.o ABSOLUTE
    ../mathlib/atan.c                        0x00000000   Number         0  atan.o ABSOLUTE
    ../mathlib/atan2.c                       0x00000000   Number         0  atan2_x.o ABSOLUTE
    ../mathlib/atan2.c                       0x00000000   Number         0  atan2.o ABSOLUTE
    ../mathlib/atan2f.c                      0x00000000   Number         0  atan2f.o ABSOLUTE
    ../mathlib/atan2f.c                      0x00000000   Number         0  atan2f_x.o ABSOLUTE
    ../mathlib/ceil.c                        0x00000000   Number         0  ceil.o ABSOLUTE
    ../mathlib/cos.c                         0x00000000   Number         0  cos.o ABSOLUTE
    ../mathlib/cos.c                         0x00000000   Number         0  cos_x.o ABSOLUTE
    ../mathlib/cos_i.c                       0x00000000   Number         0  cos_i.o ABSOLUTE
    ../mathlib/dunder.c                      0x00000000   Number         0  dunder.o ABSOLUTE
    ../mathlib/floor.c                       0x00000000   Number         0  floor.o ABSOLUTE
    ../mathlib/fpclassify.c                  0x00000000   Number         0  fpclassify.o ABSOLUTE
    ../mathlib/fpclassifyf.c                 0x00000000   Number         0  fpclassifyf.o ABSOLUTE
    ../mathlib/funder.c                      0x00000000   Number         0  funder.o ABSOLUTE
    ../mathlib/log.c                         0x00000000   Number         0  log_x.o ABSOLUTE
    ../mathlib/log.c                         0x00000000   Number         0  log.o ABSOLUTE
    ../mathlib/poly.c                        0x00000000   Number         0  poly.o ABSOLUTE
    ../mathlib/pow.c                         0x00000000   Number         0  pow_x.o ABSOLUTE
    ../mathlib/pow.c                         0x00000000   Number         0  pow.o ABSOLUTE
    ../mathlib/qnan.c                        0x00000000   Number         0  qnan.o ABSOLUTE
    ../mathlib/rred.c                        0x00000000   Number         0  rred.o ABSOLUTE
    ../mathlib/sin.c                         0x00000000   Number         0  sin_x.o ABSOLUTE
    ../mathlib/sin.c                         0x00000000   Number         0  sin.o ABSOLUTE
    ../mathlib/sin_i.c                       0x00000000   Number         0  sin_i.o ABSOLUTE
    ../mathlib/sin_i.c                       0x00000000   Number         0  sin_i_x.o ABSOLUTE
    ../mathlib/sqrt.c                        0x00000000   Number         0  sqrt_x.o ABSOLUTE
    ../mathlib/sqrt.c                        0x00000000   Number         0  sqrt.o ABSOLUTE
    ../mathlib/sqrtf.c                       0x00000000   Number         0  sqrtf_x.o ABSOLUTE
    ../mathlib/sqrtf.c                       0x00000000   Number         0  sqrtf.o ABSOLUTE
    Libraries\CMSIS\CM3\CoreSupport\core_cm3.c 0x00000000   Number         0  core_cm3.o ABSOLUTE
    Libraries\CMSIS\CM3\DeviceSupport\ST\STM32F10x\startup\arm\startup_stm32f10x_hd.s 0x00000000   Number         0  startup_stm32f10x_hd.o ABSOLUTE
    Libraries\CMSIS\CM3\DeviceSupport\ST\STM32F10x\system_stm32f10x.c 0x00000000   Number         0  system_stm32f10x.o ABSOLUTE
    Libraries\STM32F10x_StdPeriph_Driver\src\misc.c 0x00000000   Number         0  misc.o ABSOLUTE
    Libraries\STM32F10x_StdPeriph_Driver\src\stm32f10x_adc.c 0x00000000   Number         0  stm32f10x_adc.o ABSOLUTE
    Libraries\STM32F10x_StdPeriph_Driver\src\stm32f10x_bkp.c 0x00000000   Number         0  stm32f10x_bkp.o ABSOLUTE
    Libraries\STM32F10x_StdPeriph_Driver\src\stm32f10x_can.c 0x00000000   Number         0  stm32f10x_can.o ABSOLUTE
    Libraries\STM32F10x_StdPeriph_Driver\src\stm32f10x_cec.c 0x00000000   Number         0  stm32f10x_cec.o ABSOLUTE
    Libraries\STM32F10x_StdPeriph_Driver\src\stm32f10x_crc.c 0x00000000   Number         0  stm32f10x_crc.o ABSOLUTE
    Libraries\STM32F10x_StdPeriph_Driver\src\stm32f10x_dac.c 0x00000000   Number         0  stm32f10x_dac.o ABSOLUTE
    Libraries\STM32F10x_StdPeriph_Driver\src\stm32f10x_dbgmcu.c 0x00000000   Number         0  stm32f10x_dbgmcu.o ABSOLUTE
    Libraries\STM32F10x_StdPeriph_Driver\src\stm32f10x_dma.c 0x00000000   Number         0  stm32f10x_dma.o ABSOLUTE
    Libraries\STM32F10x_StdPeriph_Driver\src\stm32f10x_exti.c 0x00000000   Number         0  stm32f10x_exti.o ABSOLUTE
    Libraries\STM32F10x_StdPeriph_Driver\src\stm32f10x_flash.c 0x00000000   Number         0  stm32f10x_flash.o ABSOLUTE
    Libraries\STM32F10x_StdPeriph_Driver\src\stm32f10x_fsmc.c 0x00000000   Number         0  stm32f10x_fsmc.o ABSOLUTE
    Libraries\STM32F10x_StdPeriph_Driver\src\stm32f10x_gpio.c 0x00000000   Number         0  stm32f10x_gpio.o ABSOLUTE
    Libraries\STM32F10x_StdPeriph_Driver\src\stm32f10x_i2c.c 0x00000000   Number         0  stm32f10x_i2c.o ABSOLUTE
    Libraries\STM32F10x_StdPeriph_Driver\src\stm32f10x_iwdg.c 0x00000000   Number         0  stm32f10x_iwdg.o ABSOLUTE
    Libraries\STM32F10x_StdPeriph_Driver\src\stm32f10x_pwr.c 0x00000000   Number         0  stm32f10x_pwr.o ABSOLUTE
    Libraries\STM32F10x_StdPeriph_Driver\src\stm32f10x_rcc.c 0x00000000   Number         0  stm32f10x_rcc.o ABSOLUTE
    Libraries\STM32F10x_StdPeriph_Driver\src\stm32f10x_rtc.c 0x00000000   Number         0  stm32f10x_rtc.o ABSOLUTE
    Libraries\STM32F10x_StdPeriph_Driver\src\stm32f10x_sdio.c 0x00000000   Number         0  stm32f10x_sdio.o ABSOLUTE
    Libraries\STM32F10x_StdPeriph_Driver\src\stm32f10x_spi.c 0x00000000   Number         0  stm32f10x_spi.o ABSOLUTE
    Libraries\STM32F10x_StdPeriph_Driver\src\stm32f10x_tim.c 0x00000000   Number         0  stm32f10x_tim.o ABSOLUTE
    Libraries\STM32F10x_StdPeriph_Driver\src\stm32f10x_usart.c 0x00000000   Number         0  stm32f10x_usart.o ABSOLUTE
    Libraries\STM32F10x_StdPeriph_Driver\src\stm32f10x_wwdg.c 0x00000000   Number         0  stm32f10x_wwdg.o ABSOLUTE
    Libraries\\CMSIS\\CM3\\CoreSupport\\core_cm3.c 0x00000000   Number         0  core_cm3.o ABSOLUTE
    User\Exti\bsp_exti.c                     0x00000000   Number         0  bsp_exti.o ABSOLUTE
    User\SysTick\bsp_SysTick.c               0x00000000   Number         0  bsp_systick.o ABSOLUTE
    User\font\fonts.c                        0x00000000   Number         0  fonts.o ABSOLUTE
    User\i2c\bsp_i2c.c                       0x00000000   Number         0  bsp_i2c.o ABSOLUTE
    User\key\bsp_key.c                       0x00000000   Number         0  bsp_key.o ABSOLUTE
    User\lcd\bsp_ili9341_lcd.c               0x00000000   Number         0  bsp_ili9341_lcd.o ABSOLUTE
    User\led\bsp_led.c                       0x00000000   Number         0  bsp_led.o ABSOLUTE
    User\main.c                              0x00000000   Number         0  main.o ABSOLUTE
    User\mpu6050\driver\eMPL\inv_mpu.c       0x00000000   Number         0  inv_mpu.o ABSOLUTE
    User\mpu6050\driver\eMPL\inv_mpu_dmp_motion_driver.c 0x00000000   Number         0  inv_mpu_dmp_motion_driver.o ABSOLUTE
    User\mpu6050\driver\stm32L\log_stm32.c   0x00000000   Number         0  log_stm32.o ABSOLUTE
    User\mpu6050\eMPL-hal\eMPL_outputs.c     0x00000000   Number         0  empl_outputs.o ABSOLUTE
    User\mpu6050\mllite\data_builder.c       0x00000000   Number         0  data_builder.o ABSOLUTE
    User\mpu6050\mllite\hal_outputs.c        0x00000000   Number         0  hal_outputs.o ABSOLUTE
    User\mpu6050\mllite\message_layer.c      0x00000000   Number         0  message_layer.o ABSOLUTE
    User\mpu6050\mllite\ml_math_func.c       0x00000000   Number         0  ml_math_func.o ABSOLUTE
    User\mpu6050\mllite\mlmath.c             0x00000000   Number         0  mlmath.o ABSOLUTE
    User\mpu6050\mllite\mpl.c                0x00000000   Number         0  mpl.o ABSOLUTE
    User\mpu6050\mllite\results_holder.c     0x00000000   Number         0  results_holder.o ABSOLUTE
    User\mpu6050\mllite\start_manager.c      0x00000000   Number         0  start_manager.o ABSOLUTE
    User\mpu6050\mllite\storage_manager.c    0x00000000   Number         0  storage_manager.o ABSOLUTE
    User\stm32f10x_it.c                      0x00000000   Number         0  stm32f10x_it.o ABSOLUTE
    User\usart\bsp_usart.c                   0x00000000   Number         0  bsp_usart.o ABSOLUTE
    cdcmple.s                                0x00000000   Number         0  cdcmple.o ABSOLUTE
    cdrcmple.s                               0x00000000   Number         0  cdrcmple.o ABSOLUTE
    cfcmple.s                                0x00000000   Number         0  cfcmple.o ABSOLUTE
    cfrcmple.s                               0x00000000   Number         0  cfrcmple.o ABSOLUTE
    dc.s                                     0x00000000   Number         0  dc.o ABSOLUTE
    handlers.s                               0x00000000   Number         0  handlers.o ABSOLUTE
    init.s                                   0x00000000   Number         0  init.o ABSOLUTE
    RESET                                    0x08000000   Section      304  startup_stm32f10x_hd.o(RESET)
    .ARM.Collect$$$$00000000                 0x08000130   Section        0  entry.o(.ARM.Collect$$$$00000000)
    .ARM.Collect$$$$00000001                 0x08000130   Section        4  entry2.o(.ARM.Collect$$$$00000001)
    .ARM.Collect$$$$00000004                 0x08000134   Section        4  entry5.o(.ARM.Collect$$$$00000004)
    .ARM.Collect$$$$00000008                 0x08000138   Section        0  entry7b.o(.ARM.Collect$$$$00000008)
    .ARM.Collect$$$$0000000A                 0x08000138   Section        0  entry8b.o(.ARM.Collect$$$$0000000A)
    .ARM.Collect$$$$0000000B                 0x08000138   Section        8  entry9a.o(.ARM.Collect$$$$0000000B)
    .ARM.Collect$$$$0000000E                 0x08000140   Section        4  entry12b.o(.ARM.Collect$$$$0000000E)
    .ARM.Collect$$$$0000000F                 0x08000144   Section        0  entry10a.o(.ARM.Collect$$$$0000000F)
    .ARM.Collect$$$$00000011                 0x08000144   Section        0  entry11a.o(.ARM.Collect$$$$00000011)
    .ARM.Collect$$$$00002712                 0x08000144   Section        4  entry2.o(.ARM.Collect$$$$00002712)
    __lit__00000000                          0x08000144   Data           4  entry2.o(.ARM.Collect$$$$00002712)
    .text                                    0x08000148   Section       36  startup_stm32f10x_hd.o(.text)
    .text                                    0x0800016c   Section        0  llsshr.o(.text)
    .text                                    0x08000190   Section        0  rand.o(.text)
    .text                                    0x080001b4   Section        0  memmovea.o(.text)
    .text                                    0x080001f4   Section        0  memseta.o(.text)
    .text                                    0x08000218   Section        0  dadd.o(.text)
    .text                                    0x08000366   Section        0  dmul.o(.text)
    .text                                    0x0800044a   Section        0  ddiv.o(.text)
    .text                                    0x08000528   Section       48  cdrcmple.o(.text)
    .text                                    0x08000558   Section        0  uidiv.o(.text)
    .text                                    0x08000584   Section        0  uldiv.o(.text)
    .text                                    0x080005e6   Section        0  llshl.o(.text)
    .text                                    0x08000604   Section        0  llushr.o(.text)
    .text                                    0x08000624   Section        0  iusefp.o(.text)
    .text                                    0x08000624   Section        0  depilogue.o(.text)
    .text                                    0x080006de   Section        0  dfixul.o(.text)
    .text                                    0x08000710   Section       36  init.o(.text)
    .text                                    0x08000734   Section        0  __dczerorl2.o(.text)
    i.BusFault_Handler                       0x0800078a   Section        0  stm32f10x_it.o(i.BusFault_Handler)
    i.DebugMon_Handler                       0x0800078e   Section        0  stm32f10x_it.o(i.DebugMon_Handler)
    i.EXTI15_10_IRQHandler                   0x08000790   Section        0  stm32f10x_it.o(i.EXTI15_10_IRQHandler)
    i.EXTI_ClearITPendingBit                 0x080007a8   Section        0  stm32f10x_exti.o(i.EXTI_ClearITPendingBit)
    i.EXTI_GetITStatus                       0x080007b4   Section        0  stm32f10x_exti.o(i.EXTI_GetITStatus)
    i.EXTI_Init                              0x080007dc   Section        0  stm32f10x_exti.o(i.EXTI_Init)
    i.EXTI_Pxy_Config                        0x08000870   Section        0  bsp_exti.o(i.EXTI_Pxy_Config)
    i.FSMC_NORSRAMCmd                        0x080008c0   Section        0  stm32f10x_fsmc.o(i.FSMC_NORSRAMCmd)
    i.FSMC_NORSRAMInit                       0x080008f4   Section        0  stm32f10x_fsmc.o(i.FSMC_NORSRAMInit)
    i.GPIO_EXTILineConfig                    0x080009dc   Section        0  stm32f10x_gpio.o(i.GPIO_EXTILineConfig)
    i.GPIO_Init                              0x08000a1c   Section        0  stm32f10x_gpio.o(i.GPIO_Init)
    i.GPIO_ReadInputDataBit                  0x08000b32   Section        0  stm32f10x_gpio.o(i.GPIO_ReadInputDataBit)
    i.GPIO_ResetBits                         0x08000b44   Section        0  stm32f10x_gpio.o(i.GPIO_ResetBits)
    i.GPIO_SetBits                           0x08000b48   Section        0  stm32f10x_gpio.o(i.GPIO_SetBits)
    i.HardFault_Handler                      0x08000b4c   Section        0  stm32f10x_it.o(i.HardFault_Handler)
    i.I2C_Bus_Init                           0x08000b50   Section        0  bsp_i2c.o(i.I2C_Bus_Init)
    i.ILI9341_BackLed_Control                0x08000b64   Section        0  bsp_ili9341_lcd.o(i.ILI9341_BackLed_Control)
    i.ILI9341_Clear                          0x08000b88   Section        0  bsp_ili9341_lcd.o(i.ILI9341_Clear)
    i.ILI9341_Delay                          0x08000bb4   Section        0  bsp_ili9341_lcd.o(i.ILI9341_Delay)
    ILI9341_Delay                            0x08000bb5   Thumb Code    18  bsp_ili9341_lcd.o(i.ILI9341_Delay)
    i.ILI9341_DrawCircle                     0x08000bc6   Section        0  bsp_ili9341_lcd.o(i.ILI9341_DrawCircle)
    i.ILI9341_Draw_Rec_Color                 0x08000cfe   Section        0  bsp_ili9341_lcd.o(i.ILI9341_Draw_Rec_Color)
    i.ILI9341_FSMC_Config                    0x08000d40   Section        0  bsp_ili9341_lcd.o(i.ILI9341_FSMC_Config)
    ILI9341_FSMC_Config                      0x08000d41   Thumb Code    94  bsp_ili9341_lcd.o(i.ILI9341_FSMC_Config)
    i.ILI9341_FillColor                      0x08000d9e   Section        0  bsp_ili9341_lcd.o(i.ILI9341_FillColor)
    ILI9341_FillColor                        0x08000d9f   Thumb Code    32  bsp_ili9341_lcd.o(i.ILI9341_FillColor)
    i.ILI9341_GPIO_Config                    0x08000dc0   Section        0  bsp_ili9341_lcd.o(i.ILI9341_GPIO_Config)
    ILI9341_GPIO_Config                      0x08000dc1   Thumb Code   398  bsp_ili9341_lcd.o(i.ILI9341_GPIO_Config)
    i.ILI9341_GetPointPixel                  0x08000f58   Section        0  bsp_ili9341_lcd.o(i.ILI9341_GetPointPixel)
    i.ILI9341_GramScan                       0x08000f70   Section        0  bsp_ili9341_lcd.o(i.ILI9341_GramScan)
    i.ILI9341_Init                           0x08001028   Section        0  bsp_ili9341_lcd.o(i.ILI9341_Init)
    i.ILI9341_OpenWindow                     0x08001050   Section        0  bsp_ili9341_lcd.o(i.ILI9341_OpenWindow)
    i.ILI9341_REG_Config                     0x080010b0   Section        0  bsp_ili9341_lcd.o(i.ILI9341_REG_Config)
    ILI9341_REG_Config                       0x080010b1   Thumb Code   556  bsp_ili9341_lcd.o(i.ILI9341_REG_Config)
    i.ILI9341_Read_Data                      0x080012e0   Section        0  bsp_ili9341_lcd.o(i.ILI9341_Read_Data)
    ILI9341_Read_Data                        0x080012e1   Thumb Code     6  bsp_ili9341_lcd.o(i.ILI9341_Read_Data)
    i.ILI9341_Read_PixelData                 0x080012ec   Section        0  bsp_ili9341_lcd.o(i.ILI9341_Read_PixelData)
    ILI9341_Read_PixelData                   0x080012ed   Thumb Code    54  bsp_ili9341_lcd.o(i.ILI9341_Read_PixelData)
    i.ILI9341_Rst                            0x08001324   Section        0  bsp_ili9341_lcd.o(i.ILI9341_Rst)
    i.ILI9341_SetCursor                      0x0800134c   Section        0  bsp_ili9341_lcd.o(i.ILI9341_SetCursor)
    ILI9341_SetCursor                        0x0800134d   Thumb Code    20  bsp_ili9341_lcd.o(i.ILI9341_SetCursor)
    i.ILI9341_SetPointPixel                  0x08001360   Section        0  bsp_ili9341_lcd.o(i.ILI9341_SetPointPixel)
    i.ILI9341_Write_Cmd                      0x08001398   Section        0  bsp_ili9341_lcd.o(i.ILI9341_Write_Cmd)
    ILI9341_Write_Cmd                        0x08001399   Thumb Code     8  bsp_ili9341_lcd.o(i.ILI9341_Write_Cmd)
    i.ILI9341_Write_Data                     0x080013a0   Section        0  bsp_ili9341_lcd.o(i.ILI9341_Write_Data)
    ILI9341_Write_Data                       0x080013a1   Thumb Code     6  bsp_ili9341_lcd.o(i.ILI9341_Write_Data)
    i.Key_GPIO_Config                        0x080013ac   Section        0  bsp_key.o(i.Key_GPIO_Config)
    i.Key_Scan                               0x080013ec   Section        0  bsp_key.o(i.Key_Scan)
    i.LCD_SetColors                          0x08001414   Section        0  bsp_ili9341_lcd.o(i.LCD_SetColors)
    i.LCD_SetFont                            0x08001428   Section        0  bsp_ili9341_lcd.o(i.LCD_SetFont)
    i.LED_GPIO_Config                        0x08001434   Section        0  bsp_led.o(i.LED_GPIO_Config)
    i.MemManage_Handler                      0x08001494   Section        0  stm32f10x_it.o(i.MemManage_Handler)
    i.NMI_Handler                            0x08001498   Section        0  stm32f10x_it.o(i.NMI_Handler)
    i.NVIC_Configuration                     0x0800149a   Section        0  bsp_exti.o(i.NVIC_Configuration)
    NVIC_Configuration                       0x0800149b   Thumb Code    40  bsp_exti.o(i.NVIC_Configuration)
    i.NVIC_Init                              0x080014c4   Section        0  misc.o(i.NVIC_Init)
    i.NVIC_PriorityGroupConfig               0x08001534   Section        0  misc.o(i.NVIC_PriorityGroupConfig)
    i.PendSV_Handler                         0x08001548   Section        0  stm32f10x_it.o(i.PendSV_Handler)
    i.RCC_AHBPeriphClockCmd                  0x0800154c   Section        0  stm32f10x_rcc.o(i.RCC_AHBPeriphClockCmd)
    i.RCC_APB2PeriphClockCmd                 0x0800156c   Section        0  stm32f10x_rcc.o(i.RCC_APB2PeriphClockCmd)
    i.RCC_GetClocksFreq                      0x0800158c   Section        0  stm32f10x_rcc.o(i.RCC_GetClocksFreq)
    i.SVC_Handler                            0x08001660   Section        0  stm32f10x_it.o(i.SVC_Handler)
    i.SetSysClock                            0x08001662   Section        0  system_stm32f10x.o(i.SetSysClock)
    SetSysClock                              0x08001663   Thumb Code     8  system_stm32f10x.o(i.SetSysClock)
    i.SetSysClockTo72                        0x0800166c   Section        0  system_stm32f10x.o(i.SetSysClockTo72)
    SetSysClockTo72                          0x0800166d   Thumb Code   214  system_stm32f10x.o(i.SetSysClockTo72)
    i.Set_I2C_Retry                          0x0800174c   Section        0  bsp_i2c.o(i.Set_I2C_Retry)
    i.Soft_I2C_Configuration                 0x08001758   Section        0  bsp_i2c.o(i.Soft_I2C_Configuration)
    Soft_I2C_Configuration                   0x08001759   Thumb Code    60  bsp_i2c.o(i.Soft_I2C_Configuration)
    i.Soft_I2C_Delay                         0x0800179c   Section        0  bsp_i2c.o(i.Soft_I2C_Delay)
    Soft_I2C_Delay                           0x0800179d   Thumb Code    10  bsp_i2c.o(i.Soft_I2C_Delay)
    i.SysTick_Handler                        0x080017a8   Section        0  stm32f10x_it.o(i.SysTick_Handler)
    i.SysTick_Init                           0x080017dc   Section        0  bsp_systick.o(i.SysTick_Init)
    i.SystemInit                             0x08001854   Section        0  system_stm32f10x.o(i.SystemInit)
    i.TimeStamp_Increment                    0x080018b4   Section        0  bsp_systick.o(i.TimeStamp_Increment)
    i.TimingDelay_Decrement                  0x080018c4   Section        0  bsp_systick.o(i.TimingDelay_Decrement)
    i.USART_Cmd                              0x080018dc   Section        0  stm32f10x_usart.o(i.USART_Cmd)
    i.USART_Config                           0x080018f4   Section        0  bsp_usart.o(i.USART_Config)
    i.USART_GetFlagStatus                    0x08001974   Section        0  stm32f10x_usart.o(i.USART_GetFlagStatus)
    i.USART_Init                             0x08001990   Section        0  stm32f10x_usart.o(i.USART_Init)
    i.USART_SendData                         0x08001a68   Section        0  stm32f10x_usart.o(i.USART_SendData)
    i.UsageFault_Handler                     0x08001a70   Section        0  stm32f10x_it.o(i.UsageFault_Handler)
    i.__0printf                              0x08001a74   Section        0  printfa.o(i.__0printf)
    i.__scatterload_copy                     0x08001a94   Section       14  handlers.o(i.__scatterload_copy)
    i.__scatterload_null                     0x08001aa2   Section        2  handlers.o(i.__scatterload_null)
    i.__scatterload_zeroinit                 0x08001aa4   Section       14  handlers.o(i.__scatterload_zeroinit)
    i._fp_digits                             0x08001ab4   Section        0  printfa.o(i._fp_digits)
    _fp_digits                               0x08001ab5   Thumb Code   366  printfa.o(i._fp_digits)
    i._printf_core                           0x08001c38   Section        0  printfa.o(i._printf_core)
    _printf_core                             0x08001c39   Thumb Code  1704  printfa.o(i._printf_core)
    i._printf_post_padding                   0x080022ec   Section        0  printfa.o(i._printf_post_padding)
    _printf_post_padding                     0x080022ed   Thumb Code    36  printfa.o(i._printf_post_padding)
    i._printf_pre_padding                    0x08002310   Section        0  printfa.o(i._printf_pre_padding)
    _printf_pre_padding                      0x08002311   Thumb Code    46  printfa.o(i._printf_pre_padding)
    i.draw_map                               0x08002340   Section        0  main.o(i.draw_map)
    i.fputc                                  0x0800245c   Section        0  bsp_usart.o(i.fputc)
    i.getfa                                  0x08002480   Section        0  main.o(i.getfa)
    i.main                                   0x080024a8   Section        0  main.o(i.main)
    i.maze_init                              0x08002570   Section        0  main.o(i.maze_init)
    i.move                                   0x08002804   Section        0  main.o(i.move)
    i.reset                                  0x08002930   Section        0  main.o(i.reset)
    i.show_dir                               0x08002970   Section        0  main.o(i.show_dir)
    .constdata                               0x080029d4   Section    15200  fonts.o(.constdata)
    .data                                    0x20000000   Section      456  main.o(.data)
    .data                                    0x200001c8   Section        8  stm32f10x_it.o(.data)
    .data                                    0x200001d0   Section       16  bsp_ili9341_lcd.o(.data)
    LCD_Currentfonts                         0x200001d8   Data           4  bsp_ili9341_lcd.o(.data)
    CurrentTextColor                         0x200001dc   Data           2  bsp_ili9341_lcd.o(.data)
    CurrentBackColor                         0x200001de   Data           2  bsp_ili9341_lcd.o(.data)
    .data                                    0x200001e0   Section        8  bsp_systick.o(.data)
    TimingDelay                              0x200001e4   Data           4  bsp_systick.o(.data)
    .data                                    0x200001e8   Section       24  fonts.o(.data)
    .data                                    0x20000200   Section        6  bsp_i2c.o(.data)
    I2CTimeout                               0x20000200   Data           4  bsp_i2c.o(.data)
    RETRY_IN_MLSEC                           0x20000204   Data           2  bsp_i2c.o(.data)
    .data                                    0x20000206   Section       20  stm32f10x_rcc.o(.data)
    APBAHBPrescTable                         0x20000206   Data          16  stm32f10x_rcc.o(.data)
    ADCPrescTable                            0x20000216   Data           4  stm32f10x_rcc.o(.data)
    .data                                    0x2000021c   Section       20  system_stm32f10x.o(.data)
    .data                                    0x20000230   Section        4  rand.o(.data)
    _rand_state                              0x20000230   Data           4  rand.o(.data)
    .data                                    0x20000234   Section        4  stdout.o(.data)
    .bss                                     0x20000238   Section    32456  main.o(.bss)
    STACK                                    0x20008100   Section     1024  startup_stm32f10x_hd.o(STACK)

    Global Symbols

    Symbol Name                              Value     Ov Type        Size  Object(Section)

    BuildAttributes$$THM_ISAv4$P$D$K$B$S$PE$A:L22UL41UL21$X:L11$S22US41US21$IEEE1$IW$USESV6$~STKCKD$USESV7$~SHL$OTIME$ROPI$IEEEX$EBA8$MICROLIB$REQ8$PRES8$EABIv2 0x00000000   Number         0  anon$$obj.o ABSOLUTE
    __ARM_use_no_argv                        0x00000000   Number         0  main.o ABSOLUTE
    _printf_a                                0x00000000   Number         0  stubs.o ABSOLUTE
    _printf_c                                0x00000000   Number         0  stubs.o ABSOLUTE
    _printf_charcount                        0x00000000   Number         0  stubs.o ABSOLUTE
    _printf_d                                0x00000000   Number         0  stubs.o ABSOLUTE
    _printf_e                                0x00000000   Number         0  stubs.o ABSOLUTE
    _printf_f                                0x00000000   Number         0  stubs.o ABSOLUTE
    _printf_flags                            0x00000000   Number         0  stubs.o ABSOLUTE
    _printf_fp_dec                           0x00000000   Number         0  stubs.o ABSOLUTE
    _printf_fp_hex                           0x00000000   Number         0  stubs.o ABSOLUTE
    _printf_g                                0x00000000   Number         0  stubs.o ABSOLUTE
    _printf_i                                0x00000000   Number         0  stubs.o ABSOLUTE
    _printf_int_dec                          0x00000000   Number         0  stubs.o ABSOLUTE
    _printf_l                                0x00000000   Number         0  stubs.o ABSOLUTE
    _printf_lc                               0x00000000   Number         0  stubs.o ABSOLUTE
    _printf_ll                               0x00000000   Number         0  stubs.o ABSOLUTE
    _printf_lld                              0x00000000   Number         0  stubs.o ABSOLUTE
    _printf_lli                              0x00000000   Number         0  stubs.o ABSOLUTE
    _printf_llo                              0x00000000   Number         0  stubs.o ABSOLUTE
    _printf_llu                              0x00000000   Number         0  stubs.o ABSOLUTE
    _printf_llx                              0x00000000   Number         0  stubs.o ABSOLUTE
    _printf_longlong_dec                     0x00000000   Number         0  stubs.o ABSOLUTE
    _printf_longlong_hex                     0x00000000   Number         0  stubs.o ABSOLUTE
    _printf_longlong_oct                     0x00000000   Number         0  stubs.o ABSOLUTE
    _printf_ls                               0x00000000   Number         0  stubs.o ABSOLUTE
    _printf_mbtowc                           0x00000000   Number         0  stubs.o ABSOLUTE
    _printf_n                                0x00000000   Number         0  stubs.o ABSOLUTE
    _printf_o                                0x00000000   Number         0  stubs.o ABSOLUTE
    _printf_p                                0x00000000   Number         0  stubs.o ABSOLUTE
    _printf_percent                          0x00000000   Number         0  stubs.o ABSOLUTE
    _printf_pre_padding                      0x00000000   Number         0  stubs.o ABSOLUTE
    _printf_return_value                     0x00000000   Number         0  stubs.o ABSOLUTE
    _printf_s                                0x00000000   Number         0  stubs.o ABSOLUTE
    _printf_sizespec                         0x00000000   Number         0  stubs.o ABSOLUTE
    _printf_str                              0x00000000   Number         0  stubs.o ABSOLUTE
    _printf_truncate_signed                  0x00000000   Number         0  stubs.o ABSOLUTE
    _printf_truncate_unsigned                0x00000000   Number         0  stubs.o ABSOLUTE
    _printf_u                                0x00000000   Number         0  stubs.o ABSOLUTE
    _printf_wc                               0x00000000   Number         0  stubs.o ABSOLUTE
    _printf_wctomb                           0x00000000   Number         0  stubs.o ABSOLUTE
    _printf_widthprec                        0x00000000   Number         0  stubs.o ABSOLUTE
    _printf_x                                0x00000000   Number         0  stubs.o ABSOLUTE
    __arm_fini_                               - Undefined Weak Reference
    __cpp_initialize__aeabi_                  - Undefined Weak Reference
    __cxa_finalize                            - Undefined Weak Reference
    _clock_init                               - Undefined Weak Reference
    _microlib_exit                            - Undefined Weak Reference
    __Vectors_Size                           0x00000130   Number         0  startup_stm32f10x_hd.o ABSOLUTE
    __Vectors                                0x08000000   Data           4  startup_stm32f10x_hd.o(RESET)
    __Vectors_End                            0x08000130   Data           0  startup_stm32f10x_hd.o(RESET)
    __main                                   0x08000131   Thumb Code     0  entry.o(.ARM.Collect$$$$00000000)
    _main_stk                                0x08000131   Thumb Code     0  entry2.o(.ARM.Collect$$$$00000001)
    _main_scatterload                        0x08000135   Thumb Code     0  entry5.o(.ARM.Collect$$$$00000004)
    __main_after_scatterload                 0x08000139   Thumb Code     0  entry5.o(.ARM.Collect$$$$00000004)
    _main_clock                              0x08000139   Thumb Code     0  entry7b.o(.ARM.Collect$$$$00000008)
    _main_cpp_init                           0x08000139   Thumb Code     0  entry8b.o(.ARM.Collect$$$$0000000A)
    _main_init                               0x08000139   Thumb Code     0  entry9a.o(.ARM.Collect$$$$0000000B)
    __rt_lib_shutdown_fini                   0x08000141   Thumb Code     0  entry12b.o(.ARM.Collect$$$$0000000E)
    __rt_final_cpp                           0x08000145   Thumb Code     0  entry10a.o(.ARM.Collect$$$$0000000F)
    __rt_final_exit                          0x08000145   Thumb Code     0  entry11a.o(.ARM.Collect$$$$00000011)
    Reset_Handler                            0x08000149   Thumb Code     8  startup_stm32f10x_hd.o(.text)
    ADC1_2_IRQHandler                        0x08000163   Thumb Code     0  startup_stm32f10x_hd.o(.text)
    ADC3_IRQHandler                          0x08000163   Thumb Code     0  startup_stm32f10x_hd.o(.text)
    CAN1_RX1_IRQHandler                      0x08000163   Thumb Code     0  startup_stm32f10x_hd.o(.text)
    CAN1_SCE_IRQHandler                      0x08000163   Thumb Code     0  startup_stm32f10x_hd.o(.text)
    DMA1_Channel1_IRQHandler                 0x08000163   Thumb Code     0  startup_stm32f10x_hd.o(.text)
    DMA1_Channel2_IRQHandler                 0x08000163   Thumb Code     0  startup_stm32f10x_hd.o(.text)
    DMA1_Channel3_IRQHandler                 0x08000163   Thumb Code     0  startup_stm32f10x_hd.o(.text)
    DMA1_Channel4_IRQHandler                 0x08000163   Thumb Code     0  startup_stm32f10x_hd.o(.text)
    DMA1_Channel5_IRQHandler                 0x08000163   Thumb Code     0  startup_stm32f10x_hd.o(.text)
    DMA1_Channel6_IRQHandler                 0x08000163   Thumb Code     0  startup_stm32f10x_hd.o(.text)
    DMA1_Channel7_IRQHandler                 0x08000163   Thumb Code     0  startup_stm32f10x_hd.o(.text)
    DMA2_Channel1_IRQHandler                 0x08000163   Thumb Code     0  startup_stm32f10x_hd.o(.text)
    DMA2_Channel2_IRQHandler                 0x08000163   Thumb Code     0  startup_stm32f10x_hd.o(.text)
    DMA2_Channel3_IRQHandler                 0x08000163   Thumb Code     0  startup_stm32f10x_hd.o(.text)
    DMA2_Channel4_5_IRQHandler               0x08000163   Thumb Code     0  startup_stm32f10x_hd.o(.text)
    EXTI0_IRQHandler                         0x08000163   Thumb Code     0  startup_stm32f10x_hd.o(.text)
    EXTI1_IRQHandler                         0x08000163   Thumb Code     0  startup_stm32f10x_hd.o(.text)
    EXTI2_IRQHandler                         0x08000163   Thumb Code     0  startup_stm32f10x_hd.o(.text)
    EXTI3_IRQHandler                         0x08000163   Thumb Code     0  startup_stm32f10x_hd.o(.text)
    EXTI4_IRQHandler                         0x08000163   Thumb Code     0  startup_stm32f10x_hd.o(.text)
    EXTI9_5_IRQHandler                       0x08000163   Thumb Code     0  startup_stm32f10x_hd.o(.text)
    FLASH_IRQHandler                         0x08000163   Thumb Code     0  startup_stm32f10x_hd.o(.text)
    FSMC_IRQHandler                          0x08000163   Thumb Code     0  startup_stm32f10x_hd.o(.text)
    I2C1_ER_IRQHandler                       0x08000163   Thumb Code     0  startup_stm32f10x_hd.o(.text)
    I2C1_EV_IRQHandler                       0x08000163   Thumb Code     0  startup_stm32f10x_hd.o(.text)
    I2C2_ER_IRQHandler                       0x08000163   Thumb Code     0  startup_stm32f10x_hd.o(.text)
    I2C2_EV_IRQHandler                       0x08000163   Thumb Code     0  startup_stm32f10x_hd.o(.text)
    PVD_IRQHandler                           0x08000163   Thumb Code     0  startup_stm32f10x_hd.o(.text)
    RCC_IRQHandler                           0x08000163   Thumb Code     0  startup_stm32f10x_hd.o(.text)
    RTCAlarm_IRQHandler                      0x08000163   Thumb Code     0  startup_stm32f10x_hd.o(.text)
    RTC_IRQHandler                           0x08000163   Thumb Code     0  startup_stm32f10x_hd.o(.text)
    SDIO_IRQHandler                          0x08000163   Thumb Code     0  startup_stm32f10x_hd.o(.text)
    SPI1_IRQHandler                          0x08000163   Thumb Code     0  startup_stm32f10x_hd.o(.text)
    SPI2_IRQHandler                          0x08000163   Thumb Code     0  startup_stm32f10x_hd.o(.text)
    SPI3_IRQHandler                          0x08000163   Thumb Code     0  startup_stm32f10x_hd.o(.text)
    TAMPER_IRQHandler                        0x08000163   Thumb Code     0  startup_stm32f10x_hd.o(.text)
    TIM1_BRK_IRQHandler                      0x08000163   Thumb Code     0  startup_stm32f10x_hd.o(.text)
    TIM1_CC_IRQHandler                       0x08000163   Thumb Code     0  startup_stm32f10x_hd.o(.text)
    TIM1_TRG_COM_IRQHandler                  0x08000163   Thumb Code     0  startup_stm32f10x_hd.o(.text)
    TIM1_UP_IRQHandler                       0x08000163   Thumb Code     0  startup_stm32f10x_hd.o(.text)
    TIM2_IRQHandler                          0x08000163   Thumb Code     0  startup_stm32f10x_hd.o(.text)
    TIM3_IRQHandler                          0x08000163   Thumb Code     0  startup_stm32f10x_hd.o(.text)
    TIM4_IRQHandler                          0x08000163   Thumb Code     0  startup_stm32f10x_hd.o(.text)
    TIM5_IRQHandler                          0x08000163   Thumb Code     0  startup_stm32f10x_hd.o(.text)
    TIM6_IRQHandler                          0x08000163   Thumb Code     0  startup_stm32f10x_hd.o(.text)
    TIM7_IRQHandler                          0x08000163   Thumb Code     0  startup_stm32f10x_hd.o(.text)
    TIM8_BRK_IRQHandler                      0x08000163   Thumb Code     0  startup_stm32f10x_hd.o(.text)
    TIM8_CC_IRQHandler                       0x08000163   Thumb Code     0  startup_stm32f10x_hd.o(.text)
    TIM8_TRG_COM_IRQHandler                  0x08000163   Thumb Code     0  startup_stm32f10x_hd.o(.text)
    TIM8_UP_IRQHandler                       0x08000163   Thumb Code     0  startup_stm32f10x_hd.o(.text)
    UART4_IRQHandler                         0x08000163   Thumb Code     0  startup_stm32f10x_hd.o(.text)
    UART5_IRQHandler                         0x08000163   Thumb Code     0  startup_stm32f10x_hd.o(.text)
    USART1_IRQHandler                        0x08000163   Thumb Code     0  startup_stm32f10x_hd.o(.text)
    USART2_IRQHandler                        0x08000163   Thumb Code     0  startup_stm32f10x_hd.o(.text)
    USART3_IRQHandler                        0x08000163   Thumb Code     0  startup_stm32f10x_hd.o(.text)
    USBWakeUp_IRQHandler                     0x08000163   Thumb Code     0  startup_stm32f10x_hd.o(.text)
    USB_HP_CAN1_TX_IRQHandler                0x08000163   Thumb Code     0  startup_stm32f10x_hd.o(.text)
    USB_LP_CAN1_RX0_IRQHandler               0x08000163   Thumb Code     0  startup_stm32f10x_hd.o(.text)
    WWDG_IRQHandler                          0x08000163   Thumb Code     0  startup_stm32f10x_hd.o(.text)
    __aeabi_lasr                             0x0800016d   Thumb Code    36  llsshr.o(.text)
    _ll_sshift_r                             0x0800016d   Thumb Code     0  llsshr.o(.text)
    rand                                     0x08000191   Thumb Code    20  rand.o(.text)
    srand                                    0x080001a5   Thumb Code     6  rand.o(.text)
    ___aeabi_memcpy8$move                    0x080001b5   Thumb Code     0  memmovea.o(.text)
    __aeabi_memcpy                           0x080001b5   Thumb Code    64  memmovea.o(.text)
    __aeabi_memcpy4                          0x080001b5   Thumb Code     0  memmovea.o(.text)
    __aeabi_memmove                          0x080001b5   Thumb Code     0  memmovea.o(.text)
    __aeabi_memmove4                         0x080001b5   Thumb Code     0  memmovea.o(.text)
    __aeabi_memmove8                         0x080001b5   Thumb Code     0  memmovea.o(.text)
    __aeabi_memset                           0x080001f5   Thumb Code    14  memseta.o(.text)
    __aeabi_memset4                          0x080001f5   Thumb Code     0  memseta.o(.text)
    __aeabi_memset8                          0x080001f5   Thumb Code     0  memseta.o(.text)
    __aeabi_memclr                           0x08000203   Thumb Code     4  memseta.o(.text)
    __aeabi_memclr4                          0x08000203   Thumb Code     0  memseta.o(.text)
    __aeabi_memclr8                          0x08000203   Thumb Code     0  memseta.o(.text)
    _memset$wrapper                          0x08000207   Thumb Code    18  memseta.o(.text)
    __aeabi_dadd                             0x08000219   Thumb Code   322  dadd.o(.text)
    __aeabi_dsub                             0x0800035b   Thumb Code     6  dadd.o(.text)
    __aeabi_drsub                            0x08000361   Thumb Code     6  dadd.o(.text)
    __aeabi_dmul                             0x08000367   Thumb Code   228  dmul.o(.text)
    __aeabi_ddiv                             0x0800044b   Thumb Code   222  ddiv.o(.text)
    __aeabi_cdrcmple                         0x08000529   Thumb Code    48  cdrcmple.o(.text)
    __aeabi_uidiv                            0x08000559   Thumb Code     0  uidiv.o(.text)
    __aeabi_uidivmod                         0x08000559   Thumb Code    44  uidiv.o(.text)
    __aeabi_uldivmod                         0x08000585   Thumb Code    98  uldiv.o(.text)
    __aeabi_llsl                             0x080005e7   Thumb Code    30  llshl.o(.text)
    _ll_shift_l                              0x080005e7   Thumb Code     0  llshl.o(.text)
    __aeabi_llsr                             0x08000605   Thumb Code    32  llushr.o(.text)
    _ll_ushift_r                             0x08000605   Thumb Code     0  llushr.o(.text)
    __I$use$fp                               0x08000625   Thumb Code     0  iusefp.o(.text)
    _double_round                            0x08000625   Thumb Code    30  depilogue.o(.text)
    _double_epilogue                         0x08000643   Thumb Code   156  depilogue.o(.text)
    __aeabi_d2ulz                            0x080006df   Thumb Code    48  dfixul.o(.text)
    __scatterload                            0x08000711   Thumb Code    28  init.o(.text)
    __scatterload_rt2                        0x08000711   Thumb Code     0  init.o(.text)
    __decompress                             0x08000735   Thumb Code     0  __dczerorl2.o(.text)
    __decompress1                            0x08000735   Thumb Code    86  __dczerorl2.o(.text)
    BusFault_Handler                         0x0800078b   Thumb Code     4  stm32f10x_it.o(i.BusFault_Handler)
    DebugMon_Handler                         0x0800078f   Thumb Code     2  stm32f10x_it.o(i.DebugMon_Handler)
    EXTI15_10_IRQHandler                     0x08000791   Thumb Code    22  stm32f10x_it.o(i.EXTI15_10_IRQHandler)
    EXTI_ClearITPendingBit                   0x080007a9   Thumb Code     6  stm32f10x_exti.o(i.EXTI_ClearITPendingBit)
    EXTI_GetITStatus                         0x080007b5   Thumb Code    34  stm32f10x_exti.o(i.EXTI_GetITStatus)
    EXTI_Init                                0x080007dd   Thumb Code   142  stm32f10x_exti.o(i.EXTI_Init)
    EXTI_Pxy_Config                          0x08000871   Thumb Code    76  bsp_exti.o(i.EXTI_Pxy_Config)
    FSMC_NORSRAMCmd                          0x080008c1   Thumb Code    46  stm32f10x_fsmc.o(i.FSMC_NORSRAMCmd)
    FSMC_NORSRAMInit                         0x080008f5   Thumb Code   230  stm32f10x_fsmc.o(i.FSMC_NORSRAMInit)
    GPIO_EXTILineConfig                      0x080009dd   Thumb Code    60  stm32f10x_gpio.o(i.GPIO_EXTILineConfig)
    GPIO_Init                                0x08000a1d   Thumb Code   278  stm32f10x_gpio.o(i.GPIO_Init)
    GPIO_ReadInputDataBit                    0x08000b33   Thumb Code    18  stm32f10x_gpio.o(i.GPIO_ReadInputDataBit)
    GPIO_ResetBits                           0x08000b45   Thumb Code     4  stm32f10x_gpio.o(i.GPIO_ResetBits)
    GPIO_SetBits                             0x08000b49   Thumb Code     4  stm32f10x_gpio.o(i.GPIO_SetBits)
    HardFault_Handler                        0x08000b4d   Thumb Code     4  stm32f10x_it.o(i.HardFault_Handler)
    I2C_Bus_Init                             0x08000b51   Thumb Code    18  bsp_i2c.o(i.I2C_Bus_Init)
    ILI9341_BackLed_Control                  0x08000b65   Thumb Code    30  bsp_ili9341_lcd.o(i.ILI9341_BackLed_Control)
    ILI9341_Clear                            0x08000b89   Thumb Code    40  bsp_ili9341_lcd.o(i.ILI9341_Clear)
    ILI9341_DrawCircle                       0x08000bc7   Thumb Code   312  bsp_ili9341_lcd.o(i.ILI9341_DrawCircle)
    ILI9341_Draw_Rec_Color                   0x08000cff   Thumb Code    66  bsp_ili9341_lcd.o(i.ILI9341_Draw_Rec_Color)
    ILI9341_GetPointPixel                    0x08000f59   Thumb Code    24  bsp_ili9341_lcd.o(i.ILI9341_GetPointPixel)
    ILI9341_GramScan                         0x08000f71   Thumb Code   172  bsp_ili9341_lcd.o(i.ILI9341_GramScan)
    ILI9341_Init                             0x08001029   Thumb Code    34  bsp_ili9341_lcd.o(i.ILI9341_Init)
    ILI9341_OpenWindow                       0x08001051   Thumb Code    96  bsp_ili9341_lcd.o(i.ILI9341_OpenWindow)
    ILI9341_Rst                              0x08001325   Thumb Code    36  bsp_ili9341_lcd.o(i.ILI9341_Rst)
    ILI9341_SetPointPixel                    0x08001361   Thumb Code    42  bsp_ili9341_lcd.o(i.ILI9341_SetPointPixel)
    Key_GPIO_Config                          0x080013ad   Thumb Code    54  bsp_key.o(i.Key_GPIO_Config)
    Key_Scan                                 0x080013ed   Thumb Code    40  bsp_key.o(i.Key_Scan)
    LCD_SetColors                            0x08001415   Thumb Code    10  bsp_ili9341_lcd.o(i.LCD_SetColors)
    LCD_SetFont                              0x08001429   Thumb Code     6  bsp_ili9341_lcd.o(i.LCD_SetFont)
    LED_GPIO_Config                          0x08001435   Thumb Code    90  bsp_led.o(i.LED_GPIO_Config)
    MemManage_Handler                        0x08001495   Thumb Code     4  stm32f10x_it.o(i.MemManage_Handler)
    NMI_Handler                              0x08001499   Thumb Code     2  stm32f10x_it.o(i.NMI_Handler)
    NVIC_Init                                0x080014c5   Thumb Code   100  misc.o(i.NVIC_Init)
    NVIC_PriorityGroupConfig                 0x08001535   Thumb Code    10  misc.o(i.NVIC_PriorityGroupConfig)
    PendSV_Handler                           0x08001549   Thumb Code     2  stm32f10x_it.o(i.PendSV_Handler)
    RCC_AHBPeriphClockCmd                    0x0800154d   Thumb Code    26  stm32f10x_rcc.o(i.RCC_AHBPeriphClockCmd)
    RCC_APB2PeriphClockCmd                   0x0800156d   Thumb Code    26  stm32f10x_rcc.o(i.RCC_APB2PeriphClockCmd)
    RCC_GetClocksFreq                        0x0800158d   Thumb Code   192  stm32f10x_rcc.o(i.RCC_GetClocksFreq)
    SVC_Handler                              0x08001661   Thumb Code     2  stm32f10x_it.o(i.SVC_Handler)
    Set_I2C_Retry                            0x0800174d   Thumb Code     6  bsp_i2c.o(i.Set_I2C_Retry)
    SysTick_Handler                          0x080017a9   Thumb Code    46  stm32f10x_it.o(i.SysTick_Handler)
    SysTick_Init                             0x080017dd   Thumb Code   108  bsp_systick.o(i.SysTick_Init)
    SystemInit                               0x08001855   Thumb Code    78  system_stm32f10x.o(i.SystemInit)
    TimeStamp_Increment                      0x080018b5   Thumb Code    12  bsp_systick.o(i.TimeStamp_Increment)
    TimingDelay_Decrement                    0x080018c5   Thumb Code    18  bsp_systick.o(i.TimingDelay_Decrement)
    USART_Cmd                                0x080018dd   Thumb Code    24  stm32f10x_usart.o(i.USART_Cmd)
    USART_Config                             0x080018f5   Thumb Code   120  bsp_usart.o(i.USART_Config)
    USART_GetFlagStatus                      0x08001975   Thumb Code    26  stm32f10x_usart.o(i.USART_GetFlagStatus)
    USART_Init                               0x08001991   Thumb Code   210  stm32f10x_usart.o(i.USART_Init)
    USART_SendData                           0x08001a69   Thumb Code     8  stm32f10x_usart.o(i.USART_SendData)
    UsageFault_Handler                       0x08001a71   Thumb Code     4  stm32f10x_it.o(i.UsageFault_Handler)
    __0printf                                0x08001a75   Thumb Code    22  printfa.o(i.__0printf)
    __1printf                                0x08001a75   Thumb Code     0  printfa.o(i.__0printf)
    __2printf                                0x08001a75   Thumb Code     0  printfa.o(i.__0printf)
    __c89printf                              0x08001a75   Thumb Code     0  printfa.o(i.__0printf)
    printf                                   0x08001a75   Thumb Code     0  printfa.o(i.__0printf)
    __scatterload_copy                       0x08001a95   Thumb Code    14  handlers.o(i.__scatterload_copy)
    __scatterload_null                       0x08001aa3   Thumb Code     2  handlers.o(i.__scatterload_null)
    __scatterload_zeroinit                   0x08001aa5   Thumb Code    14  handlers.o(i.__scatterload_zeroinit)
    draw_map                                 0x08002341   Thumb Code   262  main.o(i.draw_map)
    fputc                                    0x0800245d   Thumb Code    32  bsp_usart.o(i.fputc)
    getfa                                    0x08002481   Thumb Code    36  main.o(i.getfa)
    main                                     0x080024a9   Thumb Code   180  main.o(i.main)
    maze_init                                0x08002571   Thumb Code   644  main.o(i.maze_init)
    move                                     0x08002805   Thumb Code   264  main.o(i.move)
    reset                                    0x08002931   Thumb Code    50  main.o(i.reset)
    show_dir                                 0x08002971   Thumb Code    96  main.o(i.show_dir)
    ASCII8x16_Table                          0x080029d4   Data        1520  fonts.o(.constdata)
    ASCII16x24_Table                         0x08002fc4   Data        4560  fonts.o(.constdata)
    ASCII24x32_Table                         0x08004194   Data        9120  fonts.o(.constdata)
    Region$$Table$$Base                      0x08006534   Number         0  anon$$obj.o(Region$$Table)
    Region$$Table$$Limit                     0x08006554   Number         0  anon$$obj.o(Region$$Table)
    cnt_e                                    0x20000000   Data           4  main.o(.data)
    now_x                                    0x20000004   Data           4  main.o(.data)
    now_y                                    0x20000008   Data           4  main.o(.data)
    dx                                       0x2000000c   Data          16  main.o(.data)
    dy                                       0x2000001c   Data          16  main.o(.data)
    dir                                      0x2000002c   Data           4  main.o(.data)
    end_x                                    0x20000030   Data           4  main.o(.data)
    end_y                                    0x20000034   Data           4  main.o(.data)
    dirs                                     0x20000038   Data         400  main.o(.data)
    Task_Delay                               0x200001c8   Data           8  stm32f10x_it.o(.data)
    LCD_X_LENGTH                             0x200001d0   Data           2  bsp_ili9341_lcd.o(.data)
    LCD_Y_LENGTH                             0x200001d2   Data           2  bsp_ili9341_lcd.o(.data)
    LCD_SCAN_MODE                            0x200001d4   Data           1  bsp_ili9341_lcd.o(.data)
    g_ul_ms_ticks                            0x200001e0   Data           4  bsp_systick.o(.data)
    Font8x16                                 0x200001e8   Data           8  fonts.o(.data)
    Font16x24                                0x200001f0   Data           8  fonts.o(.data)
    Font24x32                                0x200001f8   Data           8  fonts.o(.data)
    SystemCoreClock                          0x2000021c   Data           4  system_stm32f10x.o(.data)
    AHBPrescTable                            0x20000220   Data          16  system_stm32f10x.o(.data)
    __stdout                                 0x20000234   Data           4  stdout.o(.data)
    fa                                       0x20000238   Data        2784  main.o(.bss)
    maze_map                                 0x20000d18   Data        2891  main.o(.bss)
    edges                                    0x20001864   Data       26780  main.o(.bss)
    __initial_sp                             0x20008500   Data           0  startup_stm32f10x_hd.o(STACK)



==============================================================================

Memory Map of the image

  Image Entry point : 0x08000131

  Load Region LR_IROM1 (Base: 0x08000000, Size: 0x0000678c, Max: 0x00080000, ABSOLUTE, COMPRESSED[0x000065d8])

    Execution Region ER_IROM1 (Exec base: 0x08000000, Load base: 0x08000000, Size: 0x00006554, Max: 0x00080000, ABSOLUTE)

    Exec Addr    Load Addr    Size         Type   Attr      Idx    E Section Name        Object

    0x08000000   0x08000000   0x00000130   Data   RO          738    RESET               startup_stm32f10x_hd.o
    0x08000130   0x08000130   0x00000000   Code   RO         5834  * .ARM.Collect$$$$00000000  mc_w.l(entry.o)
    0x08000130   0x08000130   0x00000004   Code   RO         6200    .ARM.Collect$$$$00000001  mc_w.l(entry2.o)
    0x08000134   0x08000134   0x00000004   Code   RO         6203    .ARM.Collect$$$$00000004  mc_w.l(entry5.o)
    0x08000138   0x08000138   0x00000000   Code   RO         6205    .ARM.Collect$$$$00000008  mc_w.l(entry7b.o)
    0x08000138   0x08000138   0x00000000   Code   RO         6207    .ARM.Collect$$$$0000000A  mc_w.l(entry8b.o)
    0x08000138   0x08000138   0x00000008   Code   RO         6208    .ARM.Collect$$$$0000000B  mc_w.l(entry9a.o)
    0x08000140   0x08000140   0x00000004   Code   RO         6215    .ARM.Collect$$$$0000000E  mc_w.l(entry12b.o)
    0x08000144   0x08000144   0x00000000   Code   RO         6210    .ARM.Collect$$$$0000000F  mc_w.l(entry10a.o)
    0x08000144   0x08000144   0x00000000   Code   RO         6212    .ARM.Collect$$$$00000011  mc_w.l(entry11a.o)
    0x08000144   0x08000144   0x00000004   Code   RO         6201    .ARM.Collect$$$$00002712  mc_w.l(entry2.o)
    0x08000148   0x08000148   0x00000024   Code   RO          739    .text               startup_stm32f10x_hd.o
    0x0800016c   0x0800016c   0x00000024   Code   RO         5839    .text               mc_w.l(llsshr.o)
    0x08000190   0x08000190   0x00000024   Code   RO         5841    .text               mc_w.l(rand.o)
    0x080001b4   0x080001b4   0x00000040   Code   RO         5846    .text               mc_w.l(memmovea.o)
    0x080001f4   0x080001f4   0x00000024   Code   RO         5848    .text               mc_w.l(memseta.o)
    0x08000218   0x08000218   0x0000014e   Code   RO         6123    .text               mf_w.l(dadd.o)
    0x08000366   0x08000366   0x000000e4   Code   RO         6125    .text               mf_w.l(dmul.o)
    0x0800044a   0x0800044a   0x000000de   Code   RO         6127    .text               mf_w.l(ddiv.o)
    0x08000528   0x08000528   0x00000030   Code   RO         6145    .text               mf_w.l(cdrcmple.o)
    0x08000558   0x08000558   0x0000002c   Code   RO         6217    .text               mc_w.l(uidiv.o)
    0x08000584   0x08000584   0x00000062   Code   RO         6219    .text               mc_w.l(uldiv.o)
    0x080005e6   0x080005e6   0x0000001e   Code   RO         6221    .text               mc_w.l(llshl.o)
    0x08000604   0x08000604   0x00000020   Code   RO         6223    .text               mc_w.l(llushr.o)
    0x08000624   0x08000624   0x00000000   Code   RO         6232    .text               mc_w.l(iusefp.o)
    0x08000624   0x08000624   0x000000ba   Code   RO         6239    .text               mf_w.l(depilogue.o)
    0x080006de   0x080006de   0x00000030   Code   RO         6245    .text               mf_w.l(dfixul.o)
    0x0800070e   0x0800070e   0x00000002   PAD
    0x08000710   0x08000710   0x00000024   Code   RO         6247    .text               mc_w.l(init.o)
    0x08000734   0x08000734   0x00000056   Code   RO         6259    .text               mc_w.l(__dczerorl2.o)
    0x0800078a   0x0800078a   0x00000004   Code   RO          201    i.BusFault_Handler  stm32f10x_it.o
    0x0800078e   0x0800078e   0x00000002   Code   RO          202    i.DebugMon_Handler  stm32f10x_it.o
    0x08000790   0x08000790   0x00000016   Code   RO          203    i.EXTI15_10_IRQHandler  stm32f10x_it.o
    0x080007a6   0x080007a6   0x00000002   PAD
    0x080007a8   0x080007a8   0x0000000c   Code   RO         1542    i.EXTI_ClearITPendingBit  stm32f10x_exti.o
    0x080007b4   0x080007b4   0x00000028   Code   RO         1546    i.EXTI_GetITStatus  stm32f10x_exti.o
    0x080007dc   0x080007dc   0x00000094   Code   RO         1547    i.EXTI_Init         stm32f10x_exti.o
    0x08000870   0x08000870   0x00000050   Code   RO          705    i.EXTI_Pxy_Config   bsp_exti.o
    0x080008c0   0x080008c0   0x00000034   Code   RO         1780    i.FSMC_NORSRAMCmd   stm32f10x_fsmc.o
    0x080008f4   0x080008f4   0x000000e6   Code   RO         1782    i.FSMC_NORSRAMInit  stm32f10x_fsmc.o
    0x080009da   0x080009da   0x00000002   PAD
    0x080009dc   0x080009dc   0x00000040   Code   RO         1892    i.GPIO_EXTILineConfig  stm32f10x_gpio.o
    0x08000a1c   0x08000a1c   0x00000116   Code   RO         1895    i.GPIO_Init         stm32f10x_gpio.o
    0x08000b32   0x08000b32   0x00000012   Code   RO         1899    i.GPIO_ReadInputDataBit  stm32f10x_gpio.o
    0x08000b44   0x08000b44   0x00000004   Code   RO         1902    i.GPIO_ResetBits    stm32f10x_gpio.o
    0x08000b48   0x08000b48   0x00000004   Code   RO         1903    i.GPIO_SetBits      stm32f10x_gpio.o
    0x08000b4c   0x08000b4c   0x00000004   Code   RO          204    i.HardFault_Handler  stm32f10x_it.o
    0x08000b50   0x08000b50   0x00000012   Code   RO          567    i.I2C_Bus_Init      bsp_i2c.o
    0x08000b62   0x08000b62   0x00000002   PAD
    0x08000b64   0x08000b64   0x00000024   Code   RO          277    i.ILI9341_BackLed_Control  bsp_ili9341_lcd.o
    0x08000b88   0x08000b88   0x0000002c   Code   RO          278    i.ILI9341_Clear     bsp_ili9341_lcd.o
    0x08000bb4   0x08000bb4   0x00000012   Code   RO          280    i.ILI9341_Delay     bsp_ili9341_lcd.o
    0x08000bc6   0x08000bc6   0x00000138   Code   RO          285    i.ILI9341_DrawCircle  bsp_ili9341_lcd.o
    0x08000cfe   0x08000cfe   0x00000042   Code   RO          288    i.ILI9341_Draw_Rec_Color  bsp_ili9341_lcd.o
    0x08000d40   0x08000d40   0x0000005e   Code   RO          289    i.ILI9341_FSMC_Config  bsp_ili9341_lcd.o
    0x08000d9e   0x08000d9e   0x00000020   Code   RO          290    i.ILI9341_FillColor  bsp_ili9341_lcd.o
    0x08000dbe   0x08000dbe   0x00000002   PAD
    0x08000dc0   0x08000dc0   0x00000198   Code   RO          291    i.ILI9341_GPIO_Config  bsp_ili9341_lcd.o
    0x08000f58   0x08000f58   0x00000018   Code   RO          292    i.ILI9341_GetPointPixel  bsp_ili9341_lcd.o
    0x08000f70   0x08000f70   0x000000b8   Code   RO          293    i.ILI9341_GramScan  bsp_ili9341_lcd.o
    0x08001028   0x08001028   0x00000028   Code   RO          294    i.ILI9341_Init      bsp_ili9341_lcd.o
    0x08001050   0x08001050   0x00000060   Code   RO          295    i.ILI9341_OpenWindow  bsp_ili9341_lcd.o
    0x080010b0   0x080010b0   0x00000230   Code   RO          296    i.ILI9341_REG_Config  bsp_ili9341_lcd.o
    0x080012e0   0x080012e0   0x0000000c   Code   RO          297    i.ILI9341_Read_Data  bsp_ili9341_lcd.o
    0x080012ec   0x080012ec   0x00000036   Code   RO          298    i.ILI9341_Read_PixelData  bsp_ili9341_lcd.o
    0x08001322   0x08001322   0x00000002   PAD
    0x08001324   0x08001324   0x00000028   Code   RO          299    i.ILI9341_Rst       bsp_ili9341_lcd.o
    0x0800134c   0x0800134c   0x00000014   Code   RO          300    i.ILI9341_SetCursor  bsp_ili9341_lcd.o
    0x08001360   0x08001360   0x00000038   Code   RO          301    i.ILI9341_SetPointPixel  bsp_ili9341_lcd.o
    0x08001398   0x08001398   0x00000008   Code   RO          302    i.ILI9341_Write_Cmd  bsp_ili9341_lcd.o
    0x080013a0   0x080013a0   0x0000000c   Code   RO          303    i.ILI9341_Write_Data  bsp_ili9341_lcd.o
    0x080013ac   0x080013ac   0x00000040   Code   RO          683    i.Key_GPIO_Config   bsp_key.o
    0x080013ec   0x080013ec   0x00000028   Code   RO          684    i.Key_Scan          bsp_key.o
    0x08001414   0x08001414   0x00000014   Code   RO          308    i.LCD_SetColors     bsp_ili9341_lcd.o
    0x08001428   0x08001428   0x0000000c   Code   RO          309    i.LCD_SetFont       bsp_ili9341_lcd.o
    0x08001434   0x08001434   0x00000060   Code   RO          668    i.LED_GPIO_Config   bsp_led.o
    0x08001494   0x08001494   0x00000004   Code   RO          205    i.MemManage_Handler  stm32f10x_it.o
    0x08001498   0x08001498   0x00000002   Code   RO          206    i.NMI_Handler       stm32f10x_it.o
    0x0800149a   0x0800149a   0x00000028   Code   RO          707    i.NVIC_Configuration  bsp_exti.o
    0x080014c2   0x080014c2   0x00000002   PAD
    0x080014c4   0x080014c4   0x00000070   Code   RO          744    i.NVIC_Init         misc.o
    0x08001534   0x08001534   0x00000014   Code   RO          745    i.NVIC_PriorityGroupConfig  misc.o
    0x08001548   0x08001548   0x00000002   Code   RO          207    i.PendSV_Handler    stm32f10x_it.o
    0x0800154a   0x0800154a   0x00000002   PAD
    0x0800154c   0x0800154c   0x00000020   Code   RO         2310    i.RCC_AHBPeriphClockCmd  stm32f10x_rcc.o
    0x0800156c   0x0800156c   0x00000020   Code   RO         2313    i.RCC_APB2PeriphClockCmd  stm32f10x_rcc.o
    0x0800158c   0x0800158c   0x000000d4   Code   RO         2321    i.RCC_GetClocksFreq  stm32f10x_rcc.o
    0x08001660   0x08001660   0x00000002   Code   RO          208    i.SVC_Handler       stm32f10x_it.o
    0x08001662   0x08001662   0x00000008   Code   RO         3721    i.SetSysClock       system_stm32f10x.o
    0x0800166a   0x0800166a   0x00000002   PAD
    0x0800166c   0x0800166c   0x000000e0   Code   RO         3722    i.SetSysClockTo72   system_stm32f10x.o
    0x0800174c   0x0800174c   0x0000000c   Code   RO          570    i.Set_I2C_Retry     bsp_i2c.o
    0x08001758   0x08001758   0x00000044   Code   RO          573    i.Soft_I2C_Configuration  bsp_i2c.o
    0x0800179c   0x0800179c   0x0000000a   Code   RO          574    i.Soft_I2C_Delay    bsp_i2c.o
    0x080017a6   0x080017a6   0x00000002   PAD
    0x080017a8   0x080017a8   0x00000034   Code   RO          209    i.SysTick_Handler   stm32f10x_it.o
    0x080017dc   0x080017dc   0x00000078   Code   RO          483    i.SysTick_Init      bsp_systick.o
    0x08001854   0x08001854   0x00000060   Code   RO         3724    i.SystemInit        system_stm32f10x.o
    0x080018b4   0x080018b4   0x00000010   Code   RO          484    i.TimeStamp_Increment  bsp_systick.o
    0x080018c4   0x080018c4   0x00000018   Code   RO          485    i.TimingDelay_Decrement  bsp_systick.o
    0x080018dc   0x080018dc   0x00000018   Code   RO         3481    i.USART_Cmd         stm32f10x_usart.o
    0x080018f4   0x080018f4   0x00000080   Code   RO          529    i.USART_Config      bsp_usart.o
    0x08001974   0x08001974   0x0000001a   Code   RO         3484    i.USART_GetFlagStatus  stm32f10x_usart.o
    0x0800198e   0x0800198e   0x00000002   PAD
    0x08001990   0x08001990   0x000000d8   Code   RO         3488    i.USART_Init        stm32f10x_usart.o
    0x08001a68   0x08001a68   0x00000008   Code   RO         3498    i.USART_SendData    stm32f10x_usart.o
    0x08001a70   0x08001a70   0x00000004   Code   RO          210    i.UsageFault_Handler  stm32f10x_it.o
    0x08001a74   0x08001a74   0x00000020   Code   RO         6089    i.__0printf         mc_w.l(printfa.o)
    0x08001a94   0x08001a94   0x0000000e   Code   RO         6253    i.__scatterload_copy  mc_w.l(handlers.o)
    0x08001aa2   0x08001aa2   0x00000002   Code   RO         6254    i.__scatterload_null  mc_w.l(handlers.o)
    0x08001aa4   0x08001aa4   0x0000000e   Code   RO         6255    i.__scatterload_zeroinit  mc_w.l(handlers.o)
    0x08001ab2   0x08001ab2   0x00000002   PAD
    0x08001ab4   0x08001ab4   0x00000184   Code   RO         6096    i._fp_digits        mc_w.l(printfa.o)
    0x08001c38   0x08001c38   0x000006b4   Code   RO         6097    i._printf_core      mc_w.l(printfa.o)
    0x080022ec   0x080022ec   0x00000024   Code   RO         6098    i._printf_post_padding  mc_w.l(printfa.o)
    0x08002310   0x08002310   0x0000002e   Code   RO         6099    i._printf_pre_padding  mc_w.l(printfa.o)
    0x0800233e   0x0800233e   0x00000002   PAD
    0x08002340   0x08002340   0x0000011c   Code   RO            1    i.draw_map          main.o
    0x0800245c   0x0800245c   0x00000024   Code   RO          531    i.fputc             bsp_usart.o
    0x08002480   0x08002480   0x00000028   Code   RO            2    i.getfa             main.o
    0x080024a8   0x080024a8   0x000000c8   Code   RO            3    i.main              main.o
    0x08002570   0x08002570   0x00000294   Code   RO            4    i.maze_init         main.o
    0x08002804   0x08002804   0x0000012c   Code   RO            5    i.move              main.o
    0x08002930   0x08002930   0x00000040   Code   RO            6    i.reset             main.o
    0x08002970   0x08002970   0x00000064   Code   RO            7    i.show_dir          main.o
    0x080029d4   0x080029d4   0x00003b60   Data   RO          553    .constdata          fonts.o
    0x08006534   0x08006534   0x00000020   Data   RO         6251    Region$$Table       anon$$obj.o


    Execution Region RW_IRAM1 (Exec base: 0x20000000, Load base: 0x08006554, Size: 0x00008500, Max: 0x00010000, ABSOLUTE, COMPRESSED[0x00000084])

    Exec Addr    Load Addr    Size         Type   Attr      Idx    E Section Name        Object

    0x20000000   COMPRESSED   0x000001c8   Data   RW            9    .data               main.o
    0x200001c8   COMPRESSED   0x00000008   Data   RW          211    .data               stm32f10x_it.o
    0x200001d0   COMPRESSED   0x00000010   Data   RW          311    .data               bsp_ili9341_lcd.o
    0x200001e0   COMPRESSED   0x00000008   Data   RW          488    .data               bsp_systick.o
    0x200001e8   COMPRESSED   0x00000018   Data   RW          554    .data               fonts.o
    0x20000200   COMPRESSED   0x00000006   Data   RW          583    .data               bsp_i2c.o
    0x20000206   COMPRESSED   0x00000014   Data   RW         2341    .data               stm32f10x_rcc.o
    0x2000021a   COMPRESSED   0x00000002   PAD
    0x2000021c   COMPRESSED   0x00000014   Data   RW         3725    .data               system_stm32f10x.o
    0x20000230   COMPRESSED   0x00000004   Data   RW         5842    .data               mc_w.l(rand.o)
    0x20000234   COMPRESSED   0x00000004   Data   RW         6216    .data               mc_w.l(stdout.o)
    0x20000238        -       0x00007ec8   Zero   RW            8    .bss                main.o
    0x20008100        -       0x00000400   Zero   RW          736    STACK               startup_stm32f10x_hd.o


==============================================================================

Image component sizes


      Code (inc. data)   RO Data    RW Data    ZI Data      Debug   Object Name

       120          4          0          0          0        966   bsp_exti.o
       108         14          0          6          0       2723   bsp_i2c.o
      2148         88          0         16          0      13101   bsp_ili9341_lcd.o
       104         10          0          0          0       1313   bsp_key.o
        96          6          0          0          0        498   bsp_led.o
       160         22          0          8          0      17232   bsp_systick.o
       164         12          0          0          0       1119   bsp_usart.o
         0          0      15200         24          0       1245   fonts.o
      1648        116          0        456      32456     249340   main.o
       132         22          0          0          0       1603   misc.o
        36          8        304          0       1024        912   startup_stm32f10x_hd.o
       200         18          0          0          0       2184   stm32f10x_exti.o
       282          6          0          0          0       1877   stm32f10x_fsmc.o
       368          4          0          0          0       4378   stm32f10x_gpio.o
        98          6          0          8          0       5962   stm32f10x_it.o
       276         32          0         20          0       4505   stm32f10x_rcc.o
       274          6          0          0          0       4104   stm32f10x_usart.o
       328         28          0         20          0       2453   system_stm32f10x.o

    ----------------------------------------------------------------------
      6562        402      15536        560      33480     315515   Object Totals
         0          0         32          0          0          0   (incl. Generated)
        20          0          0          2          0          0   (incl. Padding)

    ----------------------------------------------------------------------

      Code (inc. data)   RO Data    RW Data    ZI Data      Debug   Library Member Name

        86          0          0          0          0          0   __dczerorl2.o
         0          0          0          0          0          0   entry.o
         0          0          0          0          0          0   entry10a.o
         0          0          0          0          0          0   entry11a.o
         4          0          0          0          0          0   entry12b.o
         8          4          0          0          0          0   entry2.o
         4          0          0          0          0          0   entry5.o
         0          0          0          0          0          0   entry7b.o
         0          0          0          0          0          0   entry8b.o
         8          4          0          0          0          0   entry9a.o
        30          0          0          0          0          0   handlers.o
        36          8          0          0          0         68   init.o
         0          0          0          0          0          0   iusefp.o
        30          0          0          0          0         68   llshl.o
        36          0          0          0          0         68   llsshr.o
        32          0          0          0          0         68   llushr.o
        64          0          0          0          0         76   memmovea.o
        36          0          0          0          0        108   memseta.o
      2218         90          0          0          0        464   printfa.o
        36         10          0          4          0        136   rand.o
         0          0          0          4          0          0   stdout.o
        44          0          0          0          0         80   uidiv.o
        98          0          0          0          0         92   uldiv.o
        48          0          0          0          0         68   cdrcmple.o
       334          0          0          0          0        148   dadd.o
       222          0          0          0          0        100   ddiv.o
       186          0          0          0          0        176   depilogue.o
        48          0          0          0          0         68   dfixul.o
       228          0          0          0          0         96   dmul.o

    ----------------------------------------------------------------------
      3842        116          0          8          0       1884   Library Totals
         6          0          0          0          0          0   (incl. Padding)

    ----------------------------------------------------------------------

      Code (inc. data)   RO Data    RW Data    ZI Data      Debug   Library Name

      2770        116          0          8          0       1228   mc_w.l
      1066          0          0          0          0        656   mf_w.l

    ----------------------------------------------------------------------
      3842        116          0          8          0       1884   Library Totals

    ----------------------------------------------------------------------

==============================================================================


      Code (inc. data)   RO Data    RW Data    ZI Data      Debug   

     10404        518      15536        568      33480     313003   Grand Totals
     10404        518      15536        132      33480     313003   ELF Image Totals (compressed)
     10404        518      15536        132          0          0   ROM Totals

==============================================================================

    Total RO  Size (Code + RO Data)                25940 (  25.33kB)
    Total RW  Size (RW Data + ZI Data)             34048 (  33.25kB)
    Total ROM Size (Code + RO Data + RW Data)      26072 (  25.46kB)

==============================================================================

